Archive member included because of file (symbol)

d:\_work\Waterworks Automation\8 Valve Schedule Controller\Arduino\Main\build/core\core.a(WInterrupts.c.o)
                              d:\_work\Waterworks Automation\8 Valve Schedule Controller\Arduino\Main\build\sketch\Main.ino.cpp.o (attachInterrupt)
d:\_work\Waterworks Automation\8 Valve Schedule Controller\Arduino\Main\build/core\core.a(cortex_handlers.c.o)
                              (Reset_Handler)
d:\_work\Waterworks Automation\8 Valve Schedule Controller\Arduino\Main\build/core\core.a(delay.c.o)
                              d:\_work\Waterworks Automation\8 Valve Schedule Controller\Arduino\Main\build\sketch\Main.ino.cpp.o (millis)
d:\_work\Waterworks Automation\8 Valve Schedule Controller\Arduino\Main\build/core\core.a(hooks.c.o)
                              d:\_work\Waterworks Automation\8 Valve Schedule Controller\Arduino\Main\build/core\core.a(delay.c.o) (yield)
d:\_work\Waterworks Automation\8 Valve Schedule Controller\Arduino\Main\build/core\core.a(startup.c.o)
                              d:\_work\Waterworks Automation\8 Valve Schedule Controller\Arduino\Main\build/core\core.a(cortex_handlers.c.o) (SystemInit)
d:\_work\Waterworks Automation\8 Valve Schedule Controller\Arduino\Main\build/core\core.a(wiring.c.o)
                              d:\_work\Waterworks Automation\8 Valve Schedule Controller\Arduino\Main\build/core\core.a(startup.c.o) (SystemCoreClock)
d:\_work\Waterworks Automation\8 Valve Schedule Controller\Arduino\Main\build/core\core.a(wiring_analog.c.o)
                              d:\_work\Waterworks Automation\8 Valve Schedule Controller\Arduino\Main\build/core\core.a(wiring.c.o) (analogReference)
d:\_work\Waterworks Automation\8 Valve Schedule Controller\Arduino\Main\build/core\core.a(wiring_digital.c.o)
                              d:\_work\Waterworks Automation\8 Valve Schedule Controller\Arduino\Main\build\sketch\Main.ino.cpp.o (pinMode)
d:\_work\Waterworks Automation\8 Valve Schedule Controller\Arduino\Main\build/core\core.a(wiring_private.c.o)
                              d:\_work\Waterworks Automation\8 Valve Schedule Controller\Arduino\Main\build\libraries\Wire\Wire.cpp.o (pinPeripheral)
d:\_work\Waterworks Automation\8 Valve Schedule Controller\Arduino\Main\build/core\core.a(IPAddress.cpp.o)
                              d:\_work\Waterworks Automation\8 Valve Schedule Controller\Arduino\Main\build\sketch\Main.ino.cpp.o (IPAddress::IPAddress(unsigned char, unsigned char, unsigned char, unsigned char))
d:\_work\Waterworks Automation\8 Valve Schedule Controller\Arduino\Main\build/core\core.a(Print.cpp.o)
                              d:\_work\Waterworks Automation\8 Valve Schedule Controller\Arduino\Main\build\libraries\Wire\Wire.cpp.o (Print::write(unsigned char const*, unsigned int))
d:\_work\Waterworks Automation\8 Valve Schedule Controller\Arduino\Main\build/core\core.a(Reset.cpp.o)
                              d:\_work\Waterworks Automation\8 Valve Schedule Controller\Arduino\Main\build/core\core.a(delay.c.o) (tickReset)
d:\_work\Waterworks Automation\8 Valve Schedule Controller\Arduino\Main\build/core\core.a(SERCOM.cpp.o)
                              d:\_work\Waterworks Automation\8 Valve Schedule Controller\Arduino\Main\build\core\variant.cpp.o (SERCOM::SERCOM(Sercom*))
d:\_work\Waterworks Automation\8 Valve Schedule Controller\Arduino\Main\build/core\core.a(Uart.cpp.o)
                              d:\_work\Waterworks Automation\8 Valve Schedule Controller\Arduino\Main\build\core\variant.cpp.o (Uart::Uart(SERCOM*, unsigned char, unsigned char, SercomRXPad, SercomUartTXPad))
d:\_work\Waterworks Automation\8 Valve Schedule Controller\Arduino\Main\build/core\core.a(WString.cpp.o)
                              d:\_work\Waterworks Automation\8 Valve Schedule Controller\Arduino\Main\build\sketch\Main.ino.cpp.o (String::~String())
d:\_work\Waterworks Automation\8 Valve Schedule Controller\Arduino\Main\build/core\core.a(abi.cpp.o)
                              d:\_work\Waterworks Automation\8 Valve Schedule Controller\Arduino\Main\build\libraries\Wire\Wire.cpp.o (__cxa_pure_virtual)
d:\_work\Waterworks Automation\8 Valve Schedule Controller\Arduino\Main\build/core\core.a(main.cpp.o)
                              c:/users/fritz/appdata/local/arduino15/packages/arduino/tools/arm-none-eabi-gcc/4.8.3-2014q1/bin/../lib/gcc/arm-none-eabi/4.8.3/../../../../arm-none-eabi/lib/armv6-m/crt0.o (main)
d:\_work\Waterworks Automation\8 Valve Schedule Controller\Arduino\Main\build/core\core.a(new.cpp.o)
                              d:\_work\Waterworks Automation\8 Valve Schedule Controller\Arduino\Main\build\libraries\SimpleThread\SimpleThread.cpp.o (operator delete(void*))
d:\_work\Waterworks Automation\8 Valve Schedule Controller\Arduino\Main\build/core\core.a(CDC.cpp.o)
[...]
Memory Configuration

Name             Origin             Length             Attributes
FLASH            0x00002000         0x0003e000         xr
RAM              0x20000000         0x00008000         xrw
*default*        0x00000000         0xffffffff

Linker script and memory map

LOAD c:/users/fritz/appdata/local/arduino15/packages/arduino/tools/arm-none-eabi-gcc/4.8.3-2014q1/bin/../lib/gcc/arm-none-eabi/4.8.3/armv6-m/crti.o
LOAD c:/users/fritz/appdata/local/arduino15/packages/arduino/tools/arm-none-eabi-gcc/4.8.3-2014q1/bin/../lib/gcc/arm-none-eabi/4.8.3/armv6-m/crtbegin.o
LOAD c:/users/fritz/appdata/local/arduino15/packages/arduino/tools/arm-none-eabi-gcc/4.8.3-2014q1/bin/../lib/gcc/arm-none-eabi/4.8.3/../../../../arm-none-eabi/lib/armv6-m/crt0.o
LOAD d:\_work\Waterworks Automation\8 Valve Schedule Controller\Arduino\Main\build\sketch\Main.ino.cpp.o
LOAD d:\_work\Waterworks Automation\8 Valve Schedule Controller\Arduino\Main\build\libraries\Wire\Wire.cpp.o
LOAD d:\_work\Waterworks Automation\8 Valve Schedule Controller\Arduino\Main\build\libraries\SPI\SPI.cpp.o
LOAD d:\_work\Waterworks Automation\8 Valve Schedule Controller\Arduino\Main\build\libraries\Adafruit_ZeroDMA\Adafruit_ZeroDMA.cpp.o
LOAD d:\_work\Waterworks Automation\8 Valve Schedule Controller\Arduino\Main\build\libraries\SD\File.cpp.o
LOAD d:\_work\Waterworks Automation\8 Valve Schedule Controller\Arduino\Main\build\libraries\SD\SD.cpp.o
LOAD d:\_work\Waterworks Automation\8 Valve Schedule Controller\Arduino\Main\build\libraries\SD\utility\Sd2Card.cpp.o
LOAD d:\_work\Waterworks Automation\8 Valve Schedule Controller\Arduino\Main\build\libraries\SD\utility\SdFile.cpp.o
LOAD d:\_work\Waterworks Automation\8 Valve Schedule Controller\Arduino\Main\build\libraries\SD\utility\SdVolume.cpp.o
LOAD d:\_work\Waterworks Automation\8 Valve Schedule Controller\Arduino\Main\build\libraries\Adafruit-MCP23017\Adafruit_MCP23017.cpp.o
LOAD d:\_work\Waterworks Automation\8 Valve Schedule Controller\Arduino\Main\build\libraries\Adafruit_DotStar-1.1.3\Adafruit_DotStar.cpp.o
LOAD d:\_work\Waterworks Automation\8 Valve Schedule Controller\Arduino\Main\build\libraries\RTClib\RTClib.cpp.o
LOAD d:\_work\Waterworks Automation\8 Valve Schedule Controller\Arduino\Main\build\libraries\SimpleThread\SimpleThread.cpp.o
LOAD d:\_work\Waterworks Automation\8 Valve Schedule Controller\Arduino\Main\build\libraries\LiquidCrystal_I2C\LiquidCrystal_I2C.cpp.o
LOAD d:\_work\Waterworks Automation\8 Valve Schedule Controller\Arduino\Main\build\libraries\IniFile\IniFile.cpp.o
LOAD d:\_work\Waterworks Automation\8 Valve Schedule Controller\Arduino\Main\build\core\variant.cpp.o
START GROUP
LOAD C:\Users\fritz\AppData\Local\Arduino15\packages\arduino\tools\CMSIS\4.5.0/CMSIS/Lib/GCC/\libarm_cortexM0l_math.a
LOAD c:/users/fritz/appdata/local/arduino15/packages/arduino/tools/arm-none-eabi-gcc/4.8.3-2014q1/bin/../lib/gcc/arm-none-eabi/4.8.3/../../../../arm-none-eabi/lib/armv6-m\libm.a
LOAD d:\_work\Waterworks Automation\8 Valve Schedule Controller\Arduino\Main\build/core\core.a
END GROUP
START GROUP
LOAD c:/users/fritz/appdata/local/arduino15/packages/arduino/tools/arm-none-eabi-gcc/4.8.3-2014q1/bin/../lib/gcc/arm-none-eabi/4.8.3/armv6-m\libgcc.a
LOAD c:/users/fritz/appdata/local/arduino15/packages/arduino/tools/arm-none-eabi-gcc/4.8.3-2014q1/bin/../lib/gcc/arm-none-eabi/4.8.3/../../../../arm-none-eabi/lib/armv6-m\libc_s.a
END GROUP
START GROUP
LOAD c:/users/fritz/appdata/local/arduino15/packages/arduino/tools/arm-none-eabi-gcc/4.8.3-2014q1/bin/../lib/gcc/arm-none-eabi/4.8.3/armv6-m\libgcc.a
LOAD c:/users/fritz/appdata/local/arduino15/packages/arduino/tools/arm-none-eabi-gcc/4.8.3-2014q1/bin/../lib/gcc/arm-none-eabi/4.8.3/../../../../arm-none-eabi/lib/armv6-m\libc_s.a
LOAD c:/users/fritz/appdata/local/arduino15/packages/arduino/tools/arm-none-eabi-gcc/4.8.3-2014q1/bin/../lib/gcc/arm-none-eabi/4.8.3/../../../../arm-none-eabi/lib/armv6-m\libnosys.a
END GROUP
START GROUP
LOAD c:/users/fritz/appdata/local/arduino15/packages/arduino/tools/arm-none-eabi-gcc/4.8.3-2014q1/bin/../lib/gcc/arm-none-eabi/4.8.3/armv6-m\libgcc.a
LOAD c:/users/fritz/appdata/local/arduino15/packages/arduino/tools/arm-none-eabi-gcc/4.8.3-2014q1/bin/../lib/gcc/arm-none-eabi/4.8.3/../../../../arm-none-eabi/lib/armv6-m\libc_s.a
LOAD c:/users/fritz/appdata/local/arduino15/packages/arduino/tools/arm-none-eabi-gcc/4.8.3-2014q1/bin/../lib/gcc/arm-none-eabi/4.8.3/../../../../arm-none-eabi/lib/armv6-m\libnosys.a
END GROUP
LOAD c:/users/fritz/appdata/local/arduino15/packages/arduino/tools/arm-none-eabi-gcc/4.8.3-2014q1/bin/../lib/gcc/arm-none-eabi/4.8.3/armv6-m/crtend.o
LOAD c:/users/fritz/appdata/local/arduino15/packages/arduino/tools/arm-none-eabi-gcc/4.8.3-2014q1/bin/../lib/gcc/arm-none-eabi/4.8.3/armv6-m/crtn.o

.text           0x00002000     0xff28
                0x00002000                __text_start__ = .
 *(.sketch_boot)
                0x00002000                . = ALIGN (0x2000)
 *(.isr_vector)
 .isr_vector    0x00002000       0xb4 d:\_work\Waterworks Automation\8 Valve Schedule Controller\Arduino\Main\build/core\core.a(cortex_handlers.c.o)
                0x00002000                exception_table
 *(.text*)
 .text          0x000020b4       0x60 c:/users/fritz/appdata/local/arduino15/packages/arduino/tools/arm-none-eabi-gcc/4.8.3-2014q1/bin/../lib/gcc/arm-none-eabi/4.8.3/armv6-m/crtbegin.o
 .text._Z13flow_callbackv
                0x00002114       0x74 d:\_work\Waterworks Automation\8 Valve Schedule Controller\Arduino\Main\build\sketch\Main.ino.cpp.o
                0x00002114                flow_callback()
 .text._Z8sd_errorb.part.11
                0x00002188       0x4c d:\_work\Waterworks Automation\8 Valve Schedule Controller\Arduino\Main\build\sketch\Main.ino.cpp.o
 .text._ZN5SDLib4FileaSEOS0_
                0x000021d4       0x24 d:\_work\Waterworks Automation\8 Valve Schedule Controller\Arduino\Main\build\sketch\Main.ino.cpp.o
                0x000021d4                SDLib::File::operator=(SDLib::File&&)
 .text._Z12clock_updatev
                0x000021f8       0x18 d:\_work\Waterworks Automation\8 Valve Schedule Controller\Arduino\Main\build\sketch\Main.ino.cpp.o
                0x000021f8                clock_update()
 .text._Z11clock_setupv
                0x00002210       0x74 d:\_work\Waterworks Automation\8 Valve Schedule Controller\Arduino\Main\build\sketch\Main.ino.cpp.o
                0x00002210                clock_setup()
 .text._Z17control_checkTimev
                0x00002284       0x44 d:\_work\Waterworks Automation\8 Valve Schedule Controller\Arduino\Main\build\sketch\Main.ino.cpp.o
                0x00002284                control_checkTime()
 .text._Z24control_resetValveStatesv
                0x000022c8       0x14 d:\_work\Waterworks Automation\8 Valve Schedule Controller\Arduino\Main\build\sketch\Main.ino.cpp.o
                0x000022c8                control_resetValveStates()
 .text._Z14control_updatev
                0x000022dc      0x11c d:\_work\Waterworks Automation\8 Valve Schedule Controller\Arduino\Main\build\sketch\Main.ino.cpp.o
                0x000022dc                control_update()
 .text._Z27control_manualZoneIncrementv
                0x000023f8       0x14 d:\_work\Waterworks Automation\8 Valve Schedule Controller\Arduino\Main\build\sketch\Main.ino.cpp.o
                0x000023f8                control_manualZoneIncrement()
 .text._Z25control_manualPowerTogglev
                0x0000240c       0x1c d:\_work\Waterworks Automation\8 Valve Schedule Controller\Arduino\Main\build\sketch\Main.ino.cpp.o
                0x0000240c                control_manualPowerToggle()
 .text._Z13display_setupv
                0x00002428       0x44 d:\_work\Waterworks Automation\8 Valve Schedule Controller\Arduino\Main\build\sketch\Main.ino.cpp.o
                0x00002428                display_setup()
 .text._Z20display_screen_event6StringS_
                0x0000246c       0x68 d:\_work\Waterworks Automation\8 Valve Schedule Controller\Arduino\Main\build\sketch\Main.ino.cpp.o
                0x0000246c                display_screen_event(String, String)
 .text._Z19display_screen_timev
                0x000024d4       0x68 d:\_work\Waterworks Automation\8 Valve Schedule Controller\Arduino\Main\build\sketch\Main.ino.cpp.o
                0x000024d4                display_screen_time()
 .text._Z27display_screen_soilMoisturev
                0x0000253c       0x4c d:\_work\Waterworks Automation\8 Valve Schedule Controller\Arduino\Main\build\sketch\Main.ino.cpp.o
                0x0000253c                display_screen_soilMoisture()
 .text._Z33display_screen_irrigatingPressurev
                0x00002588       0x68 d:\_work\Waterworks Automation\8 Valve Schedule Controller\Arduino\Main\build\sketch\Main.ino.cpp.o
                0x00002588                display_screen_irrigatingPressure()
 .text._Z31display_screen_irrigatingVolumev
                0x000025f0       0x74 d:\_work\Waterworks Automation\8 Valve Schedule Controller\Arduino\Main\build\sketch\Main.ino.cpp.o
                0x000025f0                display_screen_irrigatingVolume()
 .text._Z31display_screen_scheduleDetailsAv
                0x00002664       0x54 d:\_work\Waterworks Automation\8 Valve Schedule Controller\Arduino\Main\build\sketch\Main.ino.cpp.o
                0x00002664                display_screen_scheduleDetailsA()
 .text._Z31display_screen_scheduleDetailsBv
                0x000026b8       0x4c d:\_work\Waterworks Automation\8 Valve Schedule Controller\Arduino\Main\build\sketch\Main.ino.cpp.o
                0x000026b8                display_screen_scheduleDetailsB()
 .text._Z31display_screen_scheduleDetailsCv
                0x00002704       0x4c d:\_work\Waterworks Automation\8 Valve Schedule Controller\Arduino\Main\build\sketch\Main.ino.cpp.o
                0x00002704                display_screen_scheduleDetailsC()
 .text._Z31display_screen_scheduleDetailsDv
                0x00002750       0x4c d:\_work\Waterworks Automation\8 Valve Schedule Controller\Arduino\Main\build\sketch\Main.ino.cpp.o
                0x00002750                display_screen_scheduleDetailsD()
 .text._Z31display_screen_scheduleDetailsEv
                0x0000279c       0x4c d:\_work\Waterworks Automation\8 Valve Schedule Controller\Arduino\Main\build\sketch\Main.ino.cpp.o
                0x0000279c                display_screen_scheduleDetailsE()
 .text._Z22display_screen_SDErrorv
                0x000027e8       0x90 d:\_work\Waterworks Automation\8 Valve Schedule Controller\Arduino\Main\build\sketch\Main.ino.cpp.o
                0x000027e8                display_screen_SDError()
 .text._Z13display_cyclev
                0x00002878       0x70 d:\_work\Waterworks Automation\8 Valve Schedule Controller\Arduino\Main\build\sketch\Main.ino.cpp.o
                0x00002878                display_cycle()
 .text._Z20display_settings_setiiiiiiiiiiii
                0x000028e8       0x90 d:\_work\Waterworks Automation\8 Valve Schedule Controller\Arduino\Main\build\sketch\Main.ino.cpp.o
                0x000028e8                display_settings_set(int, int, int, int, int, int, int, int, int, int, int, int)
 .text._Z23display_screen_settingsb
                0x00002978      0x254 d:\_work\Waterworks Automation\8 Valve Schedule Controller\Arduino\Main\build\sketch\Main.ino.cpp.o
                0x00002978                display_screen_settings(bool)
 .text._Z14display_updatev
                0x00002bcc       0x9c d:\_work\Waterworks Automation\8 Valve Schedule Controller\Arduino\Main\build\sketch\Main.ino.cpp.o
                0x00002bcc                display_update()
 .text._Z15event_logSerial6StringS_
                0x00002c68       0x90 d:\_work\Waterworks Automation\8 Valve Schedule Controller\Arduino\Main\build\sketch\Main.ino.cpp.o
                0x00002c68                event_logSerial(String, String)
 .text._Z10flow_setupif
                0x00002cf8       0x38 d:\_work\Waterworks Automation\8 Valve Schedule Controller\Arduino\Main\build\sketch\Main.ino.cpp.o
                0x00002cf8                flow_setup(int, float)
 .text._Z8io_setupv
                0x00002d30       0xf8 d:\_work\Waterworks Automation\8 Valve Schedule Controller\Arduino\Main\build\sketch\Main.ino.cpp.o
                0x00002d30                io_setup()
 .text._Z16io_output_updatev
                0x00002e28       0x60 d:\_work\Waterworks Automation\8 Valve Schedule Controller\Arduino\Main\build\sketch\Main.ino.cpp.o
                0x00002e28                io_output_update()
 .text._Z22io_heartbeatLED_updatev
                0x00002e88       0xa4 d:\_work\Waterworks Automation\8 Valve Schedule Controller\Arduino\Main\build\sketch\Main.ino.cpp.o
                0x00002e88                io_heartbeatLED_update()
 .text._Z8sd_errorb
                0x00002f2c       0x44 d:\_work\Waterworks Automation\8 Valve Schedule Controller\Arduino\Main\build\sketch\Main.ino.cpp.o
                0x00002f2c                sd_error(bool)
 .text._Z8sd_setupv
                0x00002f70       0xbc d:\_work\Waterworks Automation\8 Valve Schedule Controller\Arduino\Main\build\sketch\Main.ino.cpp.o
                0x00002f70                sd_setup()
 .text._Z15sd_readSettingsv
                0x0000302c      0x358 d:\_work\Waterworks Automation\8 Valve Schedule Controller\Arduino\Main\build\sketch\Main.ino.cpp.o
                0x0000302c                sd_readSettings()
 .text._Z16sd_writeSettingsv
                0x00003384      0x1b4 d:\_work\Waterworks Automation\8 Valve Schedule Controller\Arduino\Main\build\sketch\Main.ino.cpp.o
                0x00003384                sd_writeSettings()
 .text.setup    0x00003538       0x54 d:\_work\Waterworks Automation\8 Valve Schedule Controller\Arduino\Main\build\sketch\Main.ino.cpp.o
                0x00003538                setup
 .text._Z6sd_log6StringS_
                0x0000358c       0xf8 d:\_work\Waterworks Automation\8 Valve Schedule Controller\Arduino\Main\build\sketch\Main.ino.cpp.o
                0x0000358c                sd_log(String, String)
 .text._Z9event_log6StringS_b
                0x00003684       0x7c d:\_work\Waterworks Automation\8 Valve Schedule Controller\Arduino\Main\build\sketch\Main.ino.cpp.o
                0x00003684                event_log(String, String, bool)
 .text._Z12event_updatev
                0x00003700      0x53c d:\_work\Waterworks Automation\8 Valve Schedule Controller\Arduino\Main\build\sketch\Main.ino.cpp.o
                0x00003700                event_update()
 .text._Z15settings_adjustv
                0x00003c3c      0x184 d:\_work\Waterworks Automation\8 Valve Schedule Controller\Arduino\Main\build\sketch\Main.ino.cpp.o
                0x00003c3c                settings_adjust()
 .text._Z13settings_savev
                0x00003dc0       0xa8 d:\_work\Waterworks Automation\8 Valve Schedule Controller\Arduino\Main\build\sketch\Main.ino.cpp.o
                0x00003dc0                settings_save()
 .text._Z13settings_loadv
                0x00003e68       0x80 d:\_work\Waterworks Automation\8 Valve Schedule Controller\Arduino\Main\build\sketch\Main.ino.cpp.o
                0x00003e68                settings_load()
 .text._Z13settings_nextv
                0x00003ee8       0xac d:\_work\Waterworks Automation\8 Valve Schedule Controller\Arduino\Main\build\sketch\Main.ino.cpp.o
                0x00003ee8                settings_next()
 .text._Z17io_buttons_updatev
                0x00003f94      0x12c d:\_work\Waterworks Automation\8 Valve Schedule Controller\Arduino\Main\build\sketch\Main.ino.cpp.o
                0x00003f94                io_buttons_update()
 .text._Z15io_input_updatev
                0x000040c0       0xfc d:\_work\Waterworks Automation\8 Valve Schedule Controller\Arduino\Main\build\sketch\Main.ino.cpp.o
                0x000040c0                io_input_update()
 .text.loop     0x000041bc       0x60 d:\_work\Waterworks Automation\8 Valve Schedule Controller\Arduino\Main\build\sketch\Main.ino.cpp.o
                0x000041bc                loop
 .text.startup._GLOBAL__sub_I_fastTimer
                0x0000421c      0x268 d:\_work\Waterworks Automation\8 Valve Schedule Controller\Arduino\Main\build\sketch\Main.ino.cpp.o
 .text._ZN5Print17availableForWriteEv
                0x00004484        0x4 d:\_work\Waterworks Automation\8 Valve Schedule Controller\Arduino\Main\build\libraries\Wire\Wire.cpp.o
                0x00004484                Print::availableForWrite()
 .text._ZN5Print5flushEv
                0x00004488        0x2 d:\_work\Waterworks Automation\8 Valve Schedule Controller\Arduino\Main\build\libraries\Wire\Wire.cpp.o
                0x00004488                Print::flush()
 .text._ZN7TwoWire5writeEPKhj
                0x0000448a       0x24 d:\_work\Waterworks Automation\8 Valve Schedule Controller\Arduino\Main\build\libraries\Wire\Wire.cpp.o
                0x0000448a                TwoWire::write(unsigned char const*, unsigned int)
 .text._ZN7TwoWire5flushEv
                0x000044ae        0x2 d:\_work\Waterworks Automation\8 Valve Schedule Controller\Arduino\Main\build\libraries\Wire\Wire.cpp.o
                0x000044ae                TwoWire::flush()
 .text._ZN7TwoWire4peekEv
                0x000044b0       0x1a d:\_work\Waterworks Automation\8 Valve Schedule Controller\Arduino\Main\build\libraries\Wire\Wire.cpp.o
                0x000044b0                TwoWire::peek()
 .text._ZN7TwoWire9availableEv
                0x000044ca       0x12 d:\_work\Waterworks Automation\8 Valve Schedule Controller\Arduino\Main\build\libraries\Wire\Wire.cpp.o
                0x000044ca                TwoWire::available()
 .text._ZN7TwoWireC2EP6SERCOMhh
                0x000044dc       0x5c d:\_work\Waterworks Automation\8 Valve Schedule Controller\Arduino\Main\build\libraries\Wire\Wire.cpp.o
                0x000044dc                TwoWire::TwoWire(SERCOM*, unsigned char, unsigned char)
                0x000044dc                TwoWire::TwoWire(SERCOM*, unsigned char, unsigned char)
 .text._ZN7TwoWire5beginEv
                0x00004538       0x40 d:\_work\Waterworks Automation\8 Valve Schedule Controller\Arduino\Main\build\libraries\Wire\Wire.cpp.o
                0x00004538                TwoWire::begin()
 .text._ZN7TwoWire17beginTransmissionEh
                0x00004578       0x18 d:\_work\Waterworks Automation\8 Valve Schedule Controller\Arduino\Main\build\libraries\Wire\Wire.cpp.o
                0x00004578                TwoWire::beginTransmission(unsigned char)
 .text._ZN11RingBufferNILi256EE10store_charEh
                0x00004590       0x1a d:\_work\Waterworks Automation\8 Valve Schedule Controller\Arduino\Main\build\libraries\Wire\Wire.cpp.o
                0x00004590                RingBufferN<256>::store_char(unsigned char)
 .text._ZN7TwoWire11requestFromEhjb
                0x000045aa       0x76 d:\_work\Waterworks Automation\8 Valve Schedule Controller\Arduino\Main\build\libraries\Wire\Wire.cpp.o
                0x000045aa                TwoWire::requestFrom(unsigned char, unsigned int, bool)
 .text._ZN7TwoWire11requestFromEhj
                0x00004620        0xa d:\_work\Waterworks Automation\8 Valve Schedule Controller\Arduino\Main\build\libraries\Wire\Wire.cpp.o
                0x00004620                TwoWire::requestFrom(unsigned char, unsigned int)
 .text._ZN7TwoWire5writeEh
                0x0000462a       0x2a d:\_work\Waterworks Automation\8 Valve Schedule Controller\Arduino\Main\build\libraries\Wire\Wire.cpp.o
                0x0000462a                TwoWire::write(unsigned char)
 .text._ZN11RingBufferNILi256EE9read_charEv
                0x00004654       0x20 d:\_work\Waterworks Automation\8 Valve Schedule Controller\Arduino\Main\build\libraries\Wire\Wire.cpp.o
                0x00004654                RingBufferN<256>::read_char()
 .text._ZN7TwoWire15endTransmissionEb
                0x00004674       0x72 d:\_work\Waterworks Automation\8 Valve Schedule Controller\Arduino\Main\build\libraries\Wire\Wire.cpp.o
                0x00004674                TwoWire::endTransmission(bool)
 .text._ZN7TwoWire15endTransmissionEv
                0x000046e6        0xa d:\_work\Waterworks Automation\8 Valve Schedule Controller\Arduino\Main\build\libraries\Wire\Wire.cpp.o
                0x000046e6                TwoWire::endTransmission()
 .text._ZN7TwoWire4readEv
                0x000046f0        0xa d:\_work\Waterworks Automation\8 Valve Schedule Controller\Arduino\Main\build\libraries\Wire\Wire.cpp.o
                0x000046f0                TwoWire::read()
 .text._ZN7TwoWire9onServiceEv
                0x000046fa      0x11c d:\_work\Waterworks Automation\8 Valve Schedule Controller\Arduino\Main\build\libraries\Wire\Wire.cpp.o
                0x000046fa                TwoWire::onService()
 *fill*         0x00004816        0x2 
 .text.SERCOM3_Handler
                0x00004818       0x10 d:\_work\Waterworks Automation\8 Valve Schedule Controller\Arduino\Main\build\libraries\Wire\Wire.cpp.o
                0x00004818                SERCOM3_Handler
 .text.startup._GLOBAL__sub_I__ZN7TwoWireC2EP6SERCOMhh
                0x00004828       0x18 d:\_work\Waterworks Automation\8 Valve Schedule Controller\Arduino\Main\build\libraries\Wire\Wire.cpp.o
 .text._ZN8SPIClassC2EP6SERCOMhhh14SercomSpiTXPad11SercomRXPad
                0x00004840       0x70 d:\_work\Waterworks Automation\8 Valve Schedule Controller\Arduino\Main\build\libraries\SPI\SPI.cpp.o
                0x00004840                SPIClass::SPIClass(SERCOM*, unsigned char, unsigned char, unsigned char, SercomSpiTXPad, SercomRXPad)
                0x00004840                SPIClass::SPIClass(SERCOM*, unsigned char, unsigned char, unsigned char, SercomSpiTXPad, SercomRXPad)
 .text._ZN8SPIClass4initEv
                0x000048b0       0x12 d:\_work\Waterworks Automation\8 Valve Schedule Controller\Arduino\Main\build\libraries\SPI\SPI.cpp.o
                0x000048b0                SPIClass::init()
 .text._ZN8SPIClass6configE11SPISettings
                0x000048c2       0x36 d:\_work\Waterworks Automation\8 Valve Schedule Controller\Arduino\Main\build\libraries\SPI\SPI.cpp.o
                0x000048c2                SPIClass::config(SPISettings)
 .text._ZN8SPIClass5beginEv
                0x000048f8       0x50 d:\_work\Waterworks Automation\8 Valve Schedule Controller\Arduino\Main\build\libraries\SPI\SPI.cpp.o
                0x000048f8                SPIClass::begin()
 .text._ZN8SPIClass3endEv
                0x00004948       0x10 d:\_work\Waterworks Automation\8 Valve Schedule Controller\Arduino\Main\build\libraries\SPI\SPI.cpp.o
                0x00004948                SPIClass::end()
 .text._ZN8SPIClass16beginTransactionE11SPISettings
                0x00004958       0x38 d:\_work\Waterworks Automation\8 Valve Schedule Controller\Arduino\Main\build\libraries\SPI\SPI.cpp.o
                0x00004958                SPIClass::beginTransaction(SPISettings)
 .text._ZN8SPIClass14endTransactionEv
                0x00004990       0x24 d:\_work\Waterworks Automation\8 Valve Schedule Controller\Arduino\Main\build\libraries\SPI\SPI.cpp.o
                0x00004990                SPIClass::endTransaction()
 .text._ZN8SPIClass11setBitOrderE8BitOrder
                0x000049b4       0x14 d:\_work\Waterworks Automation\8 Valve Schedule Controller\Arduino\Main\build\libraries\SPI\SPI.cpp.o
                0x000049b4                SPIClass::setBitOrder(BitOrder)
 .text._ZN8SPIClass11setDataModeEh
                0x000049c8       0x30 d:\_work\Waterworks Automation\8 Valve Schedule Controller\Arduino\Main\build\libraries\SPI\SPI.cpp.o
                0x000049c8                SPIClass::setDataMode(unsigned char)
 .text._ZN8SPIClass15setClockDividerEh
                0x000049f8       0x10 d:\_work\Waterworks Automation\8 Valve Schedule Controller\Arduino\Main\build\libraries\SPI\SPI.cpp.o
                0x000049f8                SPIClass::setClockDivider(unsigned char)
 .text._ZN8SPIClass8transferEh
                0x00004a08        0xa d:\_work\Waterworks Automation\8 Valve Schedule Controller\Arduino\Main\build\libraries\SPI\SPI.cpp.o
                0x00004a08                SPIClass::transfer(unsigned char)
 *fill*         0x00004a12        0x2 
 .text.startup._GLOBAL__sub_I__ZN8SPIClassC2EP6SERCOMhhh14SercomSpiTXPad11SercomRXPad
                0x00004a14       0x54 d:\_work\Waterworks Automation\8 Valve Schedule Controller\Arduino\Main\build\libraries\SPI\SPI.cpp.o
 .text._ZL22cpu_irq_enter_criticalv
                0x00004a68       0x30 d:\_work\Waterworks Automation\8 Valve Schedule Controller\Arduino\Main\build\libraries\Adafruit_ZeroDMA\Adafruit_ZeroDMA.cpp.o
 .text._ZL22cpu_irq_leave_criticalv
                0x00004a98       0x2c d:\_work\Waterworks Automation\8 Valve Schedule Controller\Arduino\Main\build\libraries\Adafruit_ZeroDMA\Adafruit_ZeroDMA.cpp.o
 .text._ZN16Adafruit_ZeroDMAC2Ev
                0x00004ac4       0x22 d:\_work\Waterworks Automation\8 Valve Schedule Controller\Arduino\Main\build\libraries\Adafruit_ZeroDMA\Adafruit_ZeroDMA.cpp.o
                0x00004ac4                Adafruit_ZeroDMA::Adafruit_ZeroDMA()
                0x00004ac4                Adafruit_ZeroDMA::Adafruit_ZeroDMA()
 *fill*         0x00004ae6        0x2 
 .text._ZN16Adafruit_ZeroDMA11_IRQhandlerEh
                0x00004ae8       0x44 d:\_work\Waterworks Automation\8 Valve Schedule Controller\Arduino\Main\build\libraries\Adafruit_ZeroDMA\Adafruit_ZeroDMA.cpp.o
                0x00004ae8                Adafruit_ZeroDMA::_IRQhandler(unsigned char)
 .text.DMAC_Handler
                0x00004b2c       0x48 d:\_work\Waterworks Automation\8 Valve Schedule Controller\Arduino\Main\build\libraries\Adafruit_ZeroDMA\Adafruit_ZeroDMA.cpp.o
                0x00004b2c                DMAC_Handler
 .text._ZN5SDLib4File5writeEh
                0x00004b74       0x14 d:\_work\Waterworks Automation\8 Valve Schedule Controller\Arduino\Main\build\libraries\SD\File.cpp.o
                0x00004b74                SDLib::File::write(unsigned char)
 .text._ZN5SDLib4File5writeEPKhj
                0x00004b88       0x2a d:\_work\Waterworks Automation\8 Valve Schedule Controller\Arduino\Main\build\libraries\SD\File.cpp.o
                0x00004b88                SDLib::File::write(unsigned char const*, unsigned int)
 .text._ZN5SDLib4File5flushEv
                0x00004bb2        0xe d:\_work\Waterworks Automation\8 Valve Schedule Controller\Arduino\Main\build\libraries\SD\File.cpp.o
                0x00004bb2                SDLib::File::flush()
 .text._ZN6SdFile4readEv
                0x00004bc0       0x20 d:\_work\Waterworks Automation\8 Valve Schedule Controller\Arduino\Main\build\libraries\SD\File.cpp.o
                0x00004bc0                SdFile::read()
 .text._ZN5SDLib4File4readEv
                0x00004be0       0x14 d:\_work\Waterworks Automation\8 Valve Schedule Controller\Arduino\Main\build\libraries\SD\File.cpp.o
                0x00004be0                SDLib::File::read()
 .text._ZN5SDLib4File4peekEv
                0x00004bf4       0x22 d:\_work\Waterworks Automation\8 Valve Schedule Controller\Arduino\Main\build\libraries\SD\File.cpp.o
                0x00004bf4                SDLib::File::peek()
 *fill*         0x00004c16        0x2 
 .text._ZN5SDLib4FileC2E6SdFilePKc
                0x00004c18       0x44 d:\_work\Waterworks Automation\8 Valve Schedule Controller\Arduino\Main\build\libraries\SD\File.cpp.o
                0x00004c18                SDLib::File::File(SdFile, char const*)
                0x00004c18                SDLib::File::File(SdFile, char const*)
 .text._ZN5SDLib4FileC2Ev
                0x00004c5c       0x1c d:\_work\Waterworks Automation\8 Valve Schedule Controller\Arduino\Main\build\libraries\SD\File.cpp.o
                0x00004c5c                SDLib::File::File()
                0x00004c5c                SDLib::File::File()
 .text._ZN5SDLib4File4readEPvt
                0x00004c78        0xe d:\_work\Waterworks Automation\8 Valve Schedule Controller\Arduino\Main\build\libraries\SD\File.cpp.o
                0x00004c78                SDLib::File::read(void*, unsigned short)
 .text._ZN5SDLib4File4seekEm
                0x00004c86       0x14 d:\_work\Waterworks Automation\8 Valve Schedule Controller\Arduino\Main\build\libraries\SD\File.cpp.o
                0x00004c86                SDLib::File::seek(unsigned long)
 .text._ZN5SDLib4File8positionEv
                0x00004c9a       0x10 d:\_work\Waterworks Automation\8 Valve Schedule Controller\Arduino\Main\build\libraries\SD\File.cpp.o
                0x00004c9a                SDLib::File::position()
 .text._ZN5SDLib4File4sizeEv
                0x00004caa        0xa d:\_work\Waterworks Automation\8 Valve Schedule Controller\Arduino\Main\build\libraries\SD\File.cpp.o
                0x00004caa                SDLib::File::size()
 .text._ZN5SDLib4File9availableEv
                0x00004cb4       0x28 d:\_work\Waterworks Automation\8 Valve Schedule Controller\Arduino\Main\build\libraries\SD\File.cpp.o
                0x00004cb4                SDLib::File::available()
 .text._ZN5SDLib4File5closeEv
                0x00004cdc       0x1a d:\_work\Waterworks Automation\8 Valve Schedule Controller\Arduino\Main\build\libraries\SD\File.cpp.o
                0x00004cdc                SDLib::File::close()
 .text._ZN5SDLib4FilecvbEv
                0x00004cf6       0x10 d:\_work\Waterworks Automation\8 Valve Schedule Controller\Arduino\Main\build\libraries\SD\File.cpp.o
                0x00004cf6                SDLib::File::operator bool()
 *fill*         0x00004d06        0x2 
 .text._ZN5SDLib19callback_pathExistsER6SdFilePKcbPv
                0x00004d08       0x3c d:\_work\Waterworks Automation\8 Valve Schedule Controller\Arduino\Main\build\libraries\SD\SD.cpp.o
                0x00004d08                SDLib::callback_pathExists(SdFile&, char const*, bool, void*)
 .text._ZN5SDLib15callback_removeER6SdFilePKcbPv
                0x00004d44       0x18 d:\_work\Waterworks Automation\8 Valve Schedule Controller\Arduino\Main\build\libraries\SD\SD.cpp.o
                0x00004d44                SDLib::callback_remove(SdFile&, char const*, bool, void*)
 .text._ZN8SdVolume4initEP7Sd2Card
                0x00004d5c       0x1e d:\_work\Waterworks Automation\8 Valve Schedule Controller\Arduino\Main\build\libraries\SD\SD.cpp.o
                0x00004d5c                SdVolume::init(Sd2Card*)
 .text._ZN5SDLib20getNextPathComponentEPKcPjPc
                0x00004d7a       0x4a d:\_work\Waterworks Automation\8 Valve Schedule Controller\Arduino\Main\build\libraries\SD\SD.cpp.o
                0x00004d7a                SDLib::getNextPathComponent(char const*, unsigned int*, char*)
 .text._ZN5SDLib8walkPathEPKcR6SdFilePFbS3_S1_bPvES4_
                0x00004dc4       0xa0 d:\_work\Waterworks Automation\8 Valve Schedule Controller\Arduino\Main\build\libraries\SD\SD.cpp.o
                0x00004dc4                SDLib::walkPath(char const*, SdFile&, bool (*)(SdFile&, char const*, bool, void*), void*)
 .text._ZN5SDLib7SDClass5beginEh
                0x00004e64       0x36 d:\_work\Waterworks Automation\8 Valve Schedule Controller\Arduino\Main\build\libraries\SD\SD.cpp.o
                0x00004e64                SDLib::SDClass::begin(unsigned char)
 *fill*         0x00004e9a        0x2 
 .text._ZN6SdFileC2ERKS_
                0x00004e9c       0x34 d:\_work\Waterworks Automation\8 Valve Schedule Controller\Arduino\Main\build\libraries\SD\SD.cpp.o
                0x00004e9c                SdFile::SdFile(SdFile const&)
                0x00004e9c                SdFile::SdFile(SdFile const&)
 .text._ZN5SDLib7SDClass12getParentDirEPKcPi
                0x00004ed0       0xa8 d:\_work\Waterworks Automation\8 Valve Schedule Controller\Arduino\Main\build\libraries\SD\SD.cpp.o
                0x00004ed0                SDLib::SDClass::getParentDir(char const*, int*)
 .text._ZN5SDLib7SDClass4openEPKch
                0x00004f78       0xac d:\_work\Waterworks Automation\8 Valve Schedule Controller\Arduino\Main\build\libraries\SD\SD.cpp.o
                0x00004f78                SDLib::SDClass::open(char const*, unsigned char)
 .text._ZN5SDLib7SDClass6existsEPKc
                0x00005024       0x18 d:\_work\Waterworks Automation\8 Valve Schedule Controller\Arduino\Main\build\libraries\SD\SD.cpp.o
                0x00005024                SDLib::SDClass::exists(char const*)
 .text._ZN5SDLib7SDClass6removeEPKc
                0x0000503c       0x18 d:\_work\Waterworks Automation\8 Valve Schedule Controller\Arduino\Main\build\libraries\SD\SD.cpp.o
                0x0000503c                SDLib::SDClass::remove(char const*)
 .text.startup._GLOBAL__sub_I__ZN5SDLib20getNextPathComponentEPKcPjPc
                0x00005054       0x2c d:\_work\Waterworks Automation\8 Valve Schedule Controller\Arduino\Main\build\libraries\SD\SD.cpp.o
 .text._ZL7spiSendh
                0x00005080       0x10 d:\_work\Waterworks Automation\8 Valve Schedule Controller\Arduino\Main\build\libraries\SD\utility\Sd2Card.cpp.o
 .text._ZL6spiRecv
                0x00005090       0x10 d:\_work\Waterworks Automation\8 Valve Schedule Controller\Arduino\Main\build\libraries\SD\utility\Sd2Card.cpp.o
 .text._ZN7Sd2Card14chipSelectHighEv
                0x000050a0       0x28 d:\_work\Waterworks Automation\8 Valve Schedule Controller\Arduino\Main\build\libraries\SD\utility\Sd2Card.cpp.o
                0x000050a0                Sd2Card::chipSelectHigh()
 .text._ZN7Sd2Card13chipSelectLowEv
                0x000050c8       0x30 d:\_work\Waterworks Automation\8 Valve Schedule Controller\Arduino\Main\build\libraries\SD\utility\Sd2Card.cpp.o
                0x000050c8                Sd2Card::chipSelectLow()
 .text._ZN7Sd2Card7readEndEv
                0x000050f8       0x2c d:\_work\Waterworks Automation\8 Valve Schedule Controller\Arduino\Main\build\libraries\SD\utility\Sd2Card.cpp.o
                0x000050f8                Sd2Card::readEnd()
 .text._ZN7Sd2Card10setSckRateEh
                0x00005124       0x6c d:\_work\Waterworks Automation\8 Valve Schedule Controller\Arduino\Main\build\libraries\SD\utility\Sd2Card.cpp.o
                0x00005124                Sd2Card::setSckRate(unsigned char)
 .text._ZN7Sd2Card11waitNotBusyEt
                0x00005190       0x28 d:\_work\Waterworks Automation\8 Valve Schedule Controller\Arduino\Main\build\libraries\SD\utility\Sd2Card.cpp.o
                0x00005190                Sd2Card::waitNotBusy(unsigned short)
 .text._ZN7Sd2Card11cardCommandEhm
                0x000051b8       0x64 d:\_work\Waterworks Automation\8 Valve Schedule Controller\Arduino\Main\build\libraries\SD\utility\Sd2Card.cpp.o
                0x000051b8                Sd2Card::cardCommand(unsigned char, unsigned long)
 .text._ZN7Sd2Card4initEhh
                0x0000521c      0x144 d:\_work\Waterworks Automation\8 Valve Schedule Controller\Arduino\Main\build\libraries\SD\utility\Sd2Card.cpp.o
                0x0000521c                Sd2Card::init(unsigned char, unsigned char)
 .text._ZN7Sd2Card14waitStartBlockEv
                0x00005360       0x40 d:\_work\Waterworks Automation\8 Valve Schedule Controller\Arduino\Main\build\libraries\SD\utility\Sd2Card.cpp.o
                0x00005360                Sd2Card::waitStartBlock()
 .text._ZN7Sd2Card8readDataEmttPh
                0x000053a0       0xac d:\_work\Waterworks Automation\8 Valve Schedule Controller\Arduino\Main\build\libraries\SD\utility\Sd2Card.cpp.o
                0x000053a0                Sd2Card::readData(unsigned long, unsigned short, unsigned short, unsigned char*)
 .text._ZN7Sd2Card9readBlockEmPh
                0x0000544c       0x10 d:\_work\Waterworks Automation\8 Valve Schedule Controller\Arduino\Main\build\libraries\SD\utility\Sd2Card.cpp.o
                0x0000544c                Sd2Card::readBlock(unsigned long, unsigned char*)
 .text._ZN7Sd2Card9writeDataEhPKh
                0x0000545c       0x48 d:\_work\Waterworks Automation\8 Valve Schedule Controller\Arduino\Main\build\libraries\SD\utility\Sd2Card.cpp.o
                0x0000545c                Sd2Card::writeData(unsigned char, unsigned char const*)
 .text._ZN7Sd2Card10writeBlockEmPKh
                0x000054a4       0x78 d:\_work\Waterworks Automation\8 Valve Schedule Controller\Arduino\Main\build\libraries\SD\utility\Sd2Card.cpp.o
                0x000054a4                Sd2Card::writeBlock(unsigned long, unsigned char const*)
 .text.startup._GLOBAL__sub_I__ZN7Sd2Card11cardCommandEhm
                0x0000551c       0x18 d:\_work\Waterworks Automation\8 Valve Schedule Controller\Arduino\Main\build\libraries\SD\utility\Sd2Card.cpp.o
 .text._ZN6SdFile10addClusterEv
                0x00005534       0x2c d:\_work\Waterworks Automation\8 Valve Schedule Controller\Arduino\Main\build\libraries\SD\utility\SdFile.cpp.o
                0x00005534                SdFile::addCluster()
 .text._ZN6SdFile13addDirClusterEv
                0x00005560       0x4a d:\_work\Waterworks Automation\8 Valve Schedule Controller\Arduino\Main\build\libraries\SD\utility\SdFile.cpp.o
                0x00005560                SdFile::addDirCluster()
 *fill*         0x000055aa        0x2 
 .text._ZN6SdFile13cacheDirEntryEh
                0x000055ac       0x1c d:\_work\Waterworks Automation\8 Valve Schedule Controller\Arduino\Main\build\libraries\SD\utility\SdFile.cpp.o
                0x000055ac                SdFile::cacheDirEntry(unsigned char)
 .text._ZN6SdFile10make83NameEPKcPh
                0x000055c8       0x8c d:\_work\Waterworks Automation\8 Valve Schedule Controller\Arduino\Main\build\libraries\SD\utility\SdFile.cpp.o
                0x000055c8                SdFile::make83Name(char const*, unsigned char*)
 .text._ZN6SdFile8openRootEP8SdVolume
                0x00005654       0x52 d:\_work\Waterworks Automation\8 Valve Schedule Controller\Arduino\Main\build\libraries\SD\utility\SdFile.cpp.o
                0x00005654                SdFile::openRoot(SdVolume*)
 *fill*         0x000056a6        0x2 
 .text._ZN6SdFile4readEPvt
                0x000056a8      0x10c d:\_work\Waterworks Automation\8 Valve Schedule Controller\Arduino\Main\build\libraries\SD\utility\SdFile.cpp.o
                0x000056a8                SdFile::read(void*, unsigned short)
 .text._ZN6SdFile12readDirCacheEv
                0x000057b4       0x48 d:\_work\Waterworks Automation\8 Valve Schedule Controller\Arduino\Main\build\libraries\SD\utility\SdFile.cpp.o
                0x000057b4                SdFile::readDirCache()
 .text._ZN6SdFile7seekSetEm
                0x000057fc       0x64 d:\_work\Waterworks Automation\8 Valve Schedule Controller\Arduino\Main\build\libraries\SD\utility\SdFile.cpp.o
                0x000057fc                SdFile::seekSet(unsigned long)
 .text._ZN6SdFile4syncEv
                0x00005860       0x78 d:\_work\Waterworks Automation\8 Valve Schedule Controller\Arduino\Main\build\libraries\SD\utility\SdFile.cpp.o
                0x00005860                SdFile::sync()
 .text._ZN6SdFile5closeEv
                0x000058d8       0x14 d:\_work\Waterworks Automation\8 Valve Schedule Controller\Arduino\Main\build\libraries\SD\utility\SdFile.cpp.o
                0x000058d8                SdFile::close()
 .text._ZN6SdFile8truncateEm
                0x000058ec       0xb4 d:\_work\Waterworks Automation\8 Valve Schedule Controller\Arduino\Main\build\libraries\SD\utility\SdFile.cpp.o
                0x000058ec                SdFile::truncate(unsigned long)
 .text._ZN6SdFile15openCachedEntryEhh
                0x000059a0       0x98 d:\_work\Waterworks Automation\8 Valve Schedule Controller\Arduino\Main\build\libraries\SD\utility\SdFile.cpp.o
                0x000059a0                SdFile::openCachedEntry(unsigned char, unsigned char)
 .text._ZN6SdFile4openEPS_PKch
                0x00005a38      0x134 d:\_work\Waterworks Automation\8 Valve Schedule Controller\Arduino\Main\build\libraries\SD\utility\SdFile.cpp.o
                0x00005a38                SdFile::open(SdFile*, char const*, unsigned char)
 .text._ZN6SdFile6removeEv
                0x00005b6c       0x28 d:\_work\Waterworks Automation\8 Valve Schedule Controller\Arduino\Main\build\libraries\SD\utility\SdFile.cpp.o
                0x00005b6c                SdFile::remove()
 .text._ZN6SdFile6removeEPS_PKc
                0x00005b94       0x34 d:\_work\Waterworks Automation\8 Valve Schedule Controller\Arduino\Main\build\libraries\SD\utility\SdFile.cpp.o
                0x00005b94                SdFile::remove(SdFile*, char const*)
 .text._ZN6SdFile5writeEPKvt
                0x00005bc8      0x1ac d:\_work\Waterworks Automation\8 Valve Schedule Controller\Arduino\Main\build\libraries\SD\utility\SdFile.cpp.o
                0x00005bc8                SdFile::write(void const*, unsigned short)
 .text._ZN6SdFile5writeEh
                0x00005d74       0x12 d:\_work\Waterworks Automation\8 Valve Schedule Controller\Arduino\Main\build\libraries\SD\utility\SdFile.cpp.o
                0x00005d74                SdFile::write(unsigned char)
 *fill*         0x00005d86        0x2 
 .text._ZN8SdVolume10cacheFlushEv
                0x00005d88       0x54 d:\_work\Waterworks Automation\8 Valve Schedule Controller\Arduino\Main\build\libraries\SD\utility\SdVolume.cpp.o
                0x00005d88                SdVolume::cacheFlush()
 .text._ZN8SdVolume13cacheRawBlockEmh
                0x00005ddc       0x48 d:\_work\Waterworks Automation\8 Valve Schedule Controller\Arduino\Main\build\libraries\SD\utility\SdVolume.cpp.o
                0x00005ddc                SdVolume::cacheRawBlock(unsigned long, unsigned char)
 .text._ZN8SdVolume14cacheZeroBlockEm
                0x00005e24       0x3c d:\_work\Waterworks Automation\8 Valve Schedule Controller\Arduino\Main\build\libraries\SD\utility\SdVolume.cpp.o
                0x00005e24                SdVolume::cacheZeroBlock(unsigned long)
 .text._ZNK8SdVolume6fatGetEmPm
                0x00005e60       0x60 d:\_work\Waterworks Automation\8 Valve Schedule Controller\Arduino\Main\build\libraries\SD\utility\SdVolume.cpp.o
                0x00005e60                SdVolume::fatGet(unsigned long, unsigned long*) const
 .text._ZNK8SdVolume9chainSizeEmPm
                0x00005ec0       0x44 d:\_work\Waterworks Automation\8 Valve Schedule Controller\Arduino\Main\build\libraries\SD\utility\SdVolume.cpp.o
                0x00005ec0                SdVolume::chainSize(unsigned long, unsigned long*) const
 .text._ZN8SdVolume6fatPutEmm
                0x00005f04       0x88 d:\_work\Waterworks Automation\8 Valve Schedule Controller\Arduino\Main\build\libraries\SD\utility\SdVolume.cpp.o
                0x00005f04                SdVolume::fatPut(unsigned long, unsigned long)
 .text._ZN8SdVolume15allocContiguousEmPm
                0x00005f8c       0xc8 d:\_work\Waterworks Automation\8 Valve Schedule Controller\Arduino\Main\build\libraries\SD\utility\SdVolume.cpp.o
                0x00005f8c                SdVolume::allocContiguous(unsigned long, unsigned long*)
 .text._ZN8SdVolume9freeChainEm
                0x00006054       0x4c d:\_work\Waterworks Automation\8 Valve Schedule Controller\Arduino\Main\build\libraries\SD\utility\SdVolume.cpp.o
                0x00006054                SdVolume::freeChain(unsigned long)
 .text._ZN8SdVolume4initEP7Sd2Cardh
                0x000060a0      0x128 d:\_work\Waterworks Automation\8 Valve Schedule Controller\Arduino\Main\build\libraries\SD\utility\SdVolume.cpp.o
                0x000060a0                SdVolume::init(Sd2Card*, unsigned char)
 .text._ZL8wiresendh
                0x000061c8       0x10 d:\_work\Waterworks Automation\8 Valve Schedule Controller\Arduino\Main\build\libraries\Adafruit-MCP23017\Adafruit_MCP23017.cpp.o
 .text._ZN17Adafruit_MCP2301713writeRegisterEhh
                0x000061d8       0x2c d:\_work\Waterworks Automation\8 Valve Schedule Controller\Arduino\Main\build\libraries\Adafruit-MCP23017\Adafruit_MCP23017.cpp.o
                0x000061d8                Adafruit_MCP23017::writeRegister(unsigned char, unsigned char)
 .text._ZN17Adafruit_MCP230175beginEh
                0x00006204       0x30 d:\_work\Waterworks Automation\8 Valve Schedule Controller\Arduino\Main\build\libraries\Adafruit-MCP23017\Adafruit_MCP23017.cpp.o
                0x00006204                Adafruit_MCP23017::begin(unsigned char)
 .text._ZN17Adafruit_MCP230175beginEv
                0x00006234        0xa d:\_work\Waterworks Automation\8 Valve Schedule Controller\Arduino\Main\build\libraries\Adafruit-MCP23017\Adafruit_MCP23017.cpp.o
                0x00006234                Adafruit_MCP23017::begin()
 *fill*         0x0000623e        0x2 
 .text._ZN17Adafruit_MCP2301712readRegisterEh
                0x00006240       0x3c d:\_work\Waterworks Automation\8 Valve Schedule Controller\Arduino\Main\build\libraries\Adafruit-MCP23017\Adafruit_MCP23017.cpp.o
                0x00006240                Adafruit_MCP23017::readRegister(unsigned char)
 .text._ZN17Adafruit_MCP2301717updateRegisterBitEhhhh
                0x0000627c       0x36 d:\_work\Waterworks Automation\8 Valve Schedule Controller\Arduino\Main\build\libraries\Adafruit-MCP23017\Adafruit_MCP23017.cpp.o
                0x0000627c                Adafruit_MCP23017::updateRegisterBit(unsigned char, unsigned char, unsigned char, unsigned char)
 .text._ZN17Adafruit_MCP230177pinModeEhh
                0x000062b2       0x14 d:\_work\Waterworks Automation\8 Valve Schedule Controller\Arduino\Main\build\libraries\Adafruit-MCP23017\Adafruit_MCP23017.cpp.o
                0x000062b2                Adafruit_MCP23017::pinMode(unsigned char, unsigned char)
 .text._ZN17Adafruit_MCP230176pullUpEhh
                0x000062c6        0xe d:\_work\Waterworks Automation\8 Valve Schedule Controller\Arduino\Main\build\libraries\Adafruit-MCP23017\Adafruit_MCP23017.cpp.o
                0x000062c6                Adafruit_MCP23017::pullUp(unsigned char, unsigned char)
 .text._ZN17Adafruit_MCP2301712digitalWriteEhh
                0x000062d4       0x3c d:\_work\Waterworks Automation\8 Valve Schedule Controller\Arduino\Main\build\libraries\Adafruit-MCP23017\Adafruit_MCP23017.cpp.o
                0x000062d4                Adafruit_MCP23017::digitalWrite(unsigned char, unsigned char)
 .text._ZN17Adafruit_MCP2301711digitalReadEh
                0x00006310       0x1c d:\_work\Waterworks Automation\8 Valve Schedule Controller\Arduino\Main\build\libraries\Adafruit-MCP23017\Adafruit_MCP23017.cpp.o
                0x00006310                Adafruit_MCP23017::digitalRead(unsigned char)
 .text._ZN16Adafruit_DotStar11hw_spi_initEv
                0x0000632c       0x28 d:\_work\Waterworks Automation\8 Valve Schedule Controller\Arduino\Main\build\libraries\Adafruit_DotStar-1.1.3\Adafruit_DotStar.cpp.o
                0x0000632c                Adafruit_DotStar::hw_spi_init()
 .text._ZN16Adafruit_DotStar11sw_spi_initEv
                0x00006354       0x26 d:\_work\Waterworks Automation\8 Valve Schedule Controller\Arduino\Main\build\libraries\Adafruit_DotStar-1.1.3\Adafruit_DotStar.cpp.o
                0x00006354                Adafruit_DotStar::sw_spi_init()
 .text._ZN16Adafruit_DotStar5beginEv
                0x0000637a       0x14 d:\_work\Waterworks Automation\8 Valve Schedule Controller\Arduino\Main\build\libraries\Adafruit_DotStar-1.1.3\Adafruit_DotStar.cpp.o
                0x0000637a                Adafruit_DotStar::begin()
 .text._ZN16Adafruit_DotStar10sw_spi_endEv
                0x0000638e       0x16 d:\_work\Waterworks Automation\8 Valve Schedule Controller\Arduino\Main\build\libraries\Adafruit_DotStar-1.1.3\Adafruit_DotStar.cpp.o
                0x0000638e                Adafruit_DotStar::sw_spi_end()
 .text._ZN16Adafruit_DotStarD2Ev
                0x000063a4       0x28 d:\_work\Waterworks Automation\8 Valve Schedule Controller\Arduino\Main\build\libraries\Adafruit_DotStar-1.1.3\Adafruit_DotStar.cpp.o
                0x000063a4                Adafruit_DotStar::~Adafruit_DotStar()
                0x000063a4                Adafruit_DotStar::~Adafruit_DotStar()
 .text._ZN16Adafruit_DotStar10sw_spi_outEh
                0x000063cc       0x40 d:\_work\Waterworks Automation\8 Valve Schedule Controller\Arduino\Main\build\libraries\Adafruit_DotStar-1.1.3\Adafruit_DotStar.cpp.o
                0x000063cc                Adafruit_DotStar::sw_spi_out(unsigned char)
 .text._ZN16Adafruit_DotStar4showEv
                0x0000640c      0x11c d:\_work\Waterworks Automation\8 Valve Schedule Controller\Arduino\Main\build\libraries\Adafruit_DotStar-1.1.3\Adafruit_DotStar.cpp.o
                0x0000640c                Adafruit_DotStar::show()
 .text._ZN16Adafruit_DotStar5clearEv
                0x00006528       0x24 d:\_work\Waterworks Automation\8 Valve Schedule Controller\Arduino\Main\build\libraries\Adafruit_DotStar-1.1.3\Adafruit_DotStar.cpp.o
                0x00006528                Adafruit_DotStar::clear()
 .text._ZN16Adafruit_DotStar12updateLengthEt
                0x0000654c       0x3a d:\_work\Waterworks Automation\8 Valve Schedule Controller\Arduino\Main\build\libraries\Adafruit_DotStar-1.1.3\Adafruit_DotStar.cpp.o
                0x0000654c                Adafruit_DotStar::updateLength(unsigned short)
 .text._ZN16Adafruit_DotStarC2Ethhh
                0x00006586       0x30 d:\_work\Waterworks Automation\8 Valve Schedule Controller\Arduino\Main\build\libraries\Adafruit_DotStar-1.1.3\Adafruit_DotStar.cpp.o
                0x00006586                Adafruit_DotStar::Adafruit_DotStar(unsigned short, unsigned char, unsigned char, unsigned char)
                0x00006586                Adafruit_DotStar::Adafruit_DotStar(unsigned short, unsigned char, unsigned char, unsigned char)
 .text._ZN16Adafruit_DotStar13setPixelColorEthhh
                0x000065b6       0x22 d:\_work\Waterworks Automation\8 Valve Schedule Controller\Arduino\Main\build\libraries\Adafruit_DotStar-1.1.3\Adafruit_DotStar.cpp.o
                0x000065b6                Adafruit_DotStar::setPixelColor(unsigned short, unsigned char, unsigned char, unsigned char)
 .text._ZL9date2daysthh
                0x000065d8       0x54 d:\_work\Waterworks Automation\8 Valve Schedule Controller\Arduino\Main\build\libraries\RTClib\RTClib.cpp.o
 .text._ZL6conv2dPKc
                0x0000662c       0x20 d:\_work\Waterworks Automation\8 Valve Schedule Controller\Arduino\Main\build\libraries\RTClib\RTClib.cpp.o
 .text._ZN8DateTimeC2Em
                0x0000664c       0xa0 d:\_work\Waterworks Automation\8 Valve Schedule Controller\Arduino\Main\build\libraries\RTClib\RTClib.cpp.o
                0x0000664c                DateTime::DateTime(unsigned long)
                0x0000664c                DateTime::DateTime(unsigned long)
 .text._ZN8DateTimeC2Ethhhhh
                0x000066ec       0x30 d:\_work\Waterworks Automation\8 Valve Schedule Controller\Arduino\Main\build\libraries\RTClib\RTClib.cpp.o
                0x000066ec                DateTime::DateTime(unsigned short, unsigned char, unsigned char, unsigned char, unsigned char, unsigned char)
                0x000066ec                DateTime::DateTime(unsigned short, unsigned char, unsigned char, unsigned char, unsigned char, unsigned char)
 .text._ZN8DateTimeC2EPK19__FlashStringHelperS2_
                0x0000671c       0xb0 d:\_work\Waterworks Automation\8 Valve Schedule Controller\Arduino\Main\build\libraries\RTClib\RTClib.cpp.o
                0x0000671c                DateTime::DateTime(__FlashStringHelper const*, __FlashStringHelper const*)
                0x0000671c                DateTime::DateTime(__FlashStringHelper const*, __FlashStringHelper const*)
 .text._ZNK8DateTime8unixtimeEv
                0x000067cc       0x30 d:\_work\Waterworks Automation\8 Valve Schedule Controller\Arduino\Main\build\libraries\RTClib\RTClib.cpp.o
                0x000067cc                DateTime::unixtime() const
 .text._ZN8DateTimemiERKS_
                0x000067fc       0x1c d:\_work\Waterworks Automation\8 Valve Schedule Controller\Arduino\Main\build\libraries\RTClib\RTClib.cpp.o
                0x000067fc                DateTime::operator-(DateTime const&)
 .text._ZN10RTC_DS32315beginEv
                0x00006818       0x10 d:\_work\Waterworks Automation\8 Valve Schedule Controller\Arduino\Main\build\libraries\RTClib\RTClib.cpp.o
                0x00006818                RTC_DS3231::begin()
 .text._ZN10RTC_DS32313nowEv
                0x00006828       0xc4 d:\_work\Waterworks Automation\8 Valve Schedule Controller\Arduino\Main\build\libraries\RTClib\RTClib.cpp.o
                0x00006828                RTC_DS3231::now()
 .text._ZL17read_i2c_registerhh.constprop.10
                0x000068ec       0x34 d:\_work\Waterworks Automation\8 Valve Schedule Controller\Arduino\Main\build\libraries\RTClib\RTClib.cpp.o
 .text._ZN10RTC_DS32316adjustERK8DateTime
                0x00006920       0xe4 d:\_work\Waterworks Automation\8 Valve Schedule Controller\Arduino\Main\build\libraries\RTClib\RTClib.cpp.o
                0x00006920                RTC_DS3231::adjust(DateTime const&)
 .text._ZN10RTC_DS32319lostPowerEv
                0x00006a04        0xe d:\_work\Waterworks Automation\8 Valve Schedule Controller\Arduino\Main\build\libraries\RTClib\RTClib.cpp.o
                0x00006a04                RTC_DS3231::lostPower()
 *fill*         0x00006a12        0x2 
 .text._ZN12SimpleThreadD2Ev
                0x00006a14        0xc d:\_work\Waterworks Automation\8 Valve Schedule Controller\Arduino\Main\build\libraries\SimpleThread\SimpleThread.cpp.o
                0x00006a14                SimpleThread::~SimpleThread()
                0x00006a14                SimpleThread::~SimpleThread()
 .text._ZN12SimpleThreadD0Ev
                0x00006a20       0x18 d:\_work\Waterworks Automation\8 Valve Schedule Controller\Arduino\Main\build\libraries\SimpleThread\SimpleThread.cpp.o
                0x00006a20                SimpleThread::~SimpleThread()
 .text._ZN12SimpleThreadC2Em
                0x00006a38       0x14 d:\_work\Waterworks Automation\8 Valve Schedule Controller\Arduino\Main\build\libraries\SimpleThread\SimpleThread.cpp.o
                0x00006a38                SimpleThread::SimpleThread(unsigned long)
                0x00006a38                SimpleThread::SimpleThread(unsigned long)
 .text._ZN12SimpleThread11setIntervalEm
                0x00006a4c        0x4 d:\_work\Waterworks Automation\8 Valve Schedule Controller\Arduino\Main\build\libraries\SimpleThread\SimpleThread.cpp.o
                0x00006a4c                SimpleThread::setInterval(unsigned long)
 .text._ZN12SimpleThread5checkEv
                0x00006a50       0x22 d:\_work\Waterworks Automation\8 Valve Schedule Controller\Arduino\Main\build\libraries\SimpleThread\SimpleThread.cpp.o
                0x00006a50                SimpleThread::check()
 .text._ZN12SimpleThread5resetEv
                0x00006a72        0xc d:\_work\Waterworks Automation\8 Valve Schedule Controller\Arduino\Main\build\libraries\SimpleThread\SimpleThread.cpp.o
                0x00006a72                SimpleThread::reset()
 *fill*         0x00006a7e        0x2 
 .text._ZN17LiquidCrystal_I2CC2Ehhh
                0x00006a80       0x18 d:\_work\Waterworks Automation\8 Valve Schedule Controller\Arduino\Main\build\libraries\LiquidCrystal_I2C\LiquidCrystal_I2C.cpp.o
                0x00006a80                LiquidCrystal_I2C::LiquidCrystal_I2C(unsigned char, unsigned char, unsigned char)
                0x00006a80                LiquidCrystal_I2C::LiquidCrystal_I2C(unsigned char, unsigned char, unsigned char)
 .text._ZN17LiquidCrystal_I2C13expanderWriteEh
                0x00006a98       0x28 d:\_work\Waterworks Automation\8 Valve Schedule Controller\Arduino\Main\build\libraries\LiquidCrystal_I2C\LiquidCrystal_I2C.cpp.o
                0x00006a98                LiquidCrystal_I2C::expanderWrite(unsigned char)
 .text._ZN17LiquidCrystal_I2C9backlightEv
                0x00006ac0        0xe d:\_work\Waterworks Automation\8 Valve Schedule Controller\Arduino\Main\build\libraries\LiquidCrystal_I2C\LiquidCrystal_I2C.cpp.o
                0x00006ac0                LiquidCrystal_I2C::backlight()
 .text._ZN17LiquidCrystal_I2C11pulseEnableEh
                0x00006ace       0x2a d:\_work\Waterworks Automation\8 Valve Schedule Controller\Arduino\Main\build\libraries\LiquidCrystal_I2C\LiquidCrystal_I2C.cpp.o
                0x00006ace                LiquidCrystal_I2C::pulseEnable(unsigned char)
 .text._ZN17LiquidCrystal_I2C10write4bitsEh
                0x00006af8       0x14 d:\_work\Waterworks Automation\8 Valve Schedule Controller\Arduino\Main\build\libraries\LiquidCrystal_I2C\LiquidCrystal_I2C.cpp.o
                0x00006af8                LiquidCrystal_I2C::write4bits(unsigned char)
 .text._ZN17LiquidCrystal_I2C4sendEhh
                0x00006b0c       0x20 d:\_work\Waterworks Automation\8 Valve Schedule Controller\Arduino\Main\build\libraries\LiquidCrystal_I2C\LiquidCrystal_I2C.cpp.o
                0x00006b0c                LiquidCrystal_I2C::send(unsigned char, unsigned char)
 .text._ZN17LiquidCrystal_I2C5writeEh
                0x00006b2c        0xc d:\_work\Waterworks Automation\8 Valve Schedule Controller\Arduino\Main\build\libraries\LiquidCrystal_I2C\LiquidCrystal_I2C.cpp.o
                0x00006b2c                LiquidCrystal_I2C::write(unsigned char)
 .text._ZN17LiquidCrystal_I2C7commandEh
                0x00006b38        0xa d:\_work\Waterworks Automation\8 Valve Schedule Controller\Arduino\Main\build\libraries\LiquidCrystal_I2C\LiquidCrystal_I2C.cpp.o
                0x00006b38                LiquidCrystal_I2C::command(unsigned char)
 .text._ZN17LiquidCrystal_I2C5clearEv
                0x00006b42       0x12 d:\_work\Waterworks Automation\8 Valve Schedule Controller\Arduino\Main\build\libraries\LiquidCrystal_I2C\LiquidCrystal_I2C.cpp.o
                0x00006b42                LiquidCrystal_I2C::clear()
 .text._ZN17LiquidCrystal_I2C4homeEv
                0x00006b54       0x12 d:\_work\Waterworks Automation\8 Valve Schedule Controller\Arduino\Main\build\libraries\LiquidCrystal_I2C\LiquidCrystal_I2C.cpp.o
                0x00006b54                LiquidCrystal_I2C::home()
 *fill*         0x00006b66        0x2 
 .text._ZN17LiquidCrystal_I2C9setCursorEhh
                0x00006b68       0x38 d:\_work\Waterworks Automation\8 Valve Schedule Controller\Arduino\Main\build\libraries\LiquidCrystal_I2C\LiquidCrystal_I2C.cpp.o
                0x00006b68                LiquidCrystal_I2C::setCursor(unsigned char, unsigned char)
 .text._ZN17LiquidCrystal_I2C7displayEv
                0x00006ba0       0x14 d:\_work\Waterworks Automation\8 Valve Schedule Controller\Arduino\Main\build\libraries\LiquidCrystal_I2C\LiquidCrystal_I2C.cpp.o
                0x00006ba0                LiquidCrystal_I2C::display()
 .text._ZN17LiquidCrystal_I2C5beginEhhh
                0x00006bb4       0xa0 d:\_work\Waterworks Automation\8 Valve Schedule Controller\Arduino\Main\build\libraries\LiquidCrystal_I2C\LiquidCrystal_I2C.cpp.o
                0x00006bb4                LiquidCrystal_I2C::begin(unsigned char, unsigned char, unsigned char)
 .text._ZN17LiquidCrystal_I2C9init_privEv
                0x00006c54       0x20 d:\_work\Waterworks Automation\8 Valve Schedule Controller\Arduino\Main\build\libraries\LiquidCrystal_I2C\LiquidCrystal_I2C.cpp.o
                0x00006c54                LiquidCrystal_I2C::init_priv()
 .text._ZN17LiquidCrystal_I2C4initEv
                0x00006c74        0x8 d:\_work\Waterworks Automation\8 Valve Schedule Controller\Arduino\Main\build\libraries\LiquidCrystal_I2C\LiquidCrystal_I2C.cpp.o
                0x00006c74                LiquidCrystal_I2C::init()
 .text._ZN7IniFileC2EPKchb
                0x00006c7c       0x34 d:\_work\Waterworks Automation\8 Valve Schedule Controller\Arduino\Main\build\libraries\IniFile\IniFile.cpp.o
                0x00006c7c                IniFile::IniFile(char const*, unsigned char, bool)
                0x00006c7c                IniFile::IniFile(char const*, unsigned char, bool)
 .text._ZN7IniFileD2Ev
                0x00006cb0        0x2 d:\_work\Waterworks Automation\8 Valve Schedule Controller\Arduino\Main\build\libraries\IniFile\IniFile.cpp.o
                0x00006cb0                IniFile::~IniFile()
                0x00006cb0                IniFile::~IniFile()
 .text._ZN7IniFile8readLineERN5SDLib4FileEPcjRm
                0x00006cb2       0x9a d:\_work\Waterworks Automation\8 Valve Schedule Controller\Arduino\Main\build\libraries\IniFile\IniFile.cpp.o
                0x00006cb2                IniFile::readLine(SDLib::File&, char*, unsigned int, unsigned long&)
 .text._ZNK7IniFile8validateEPcj
                0x00006d4c       0x30 d:\_work\Waterworks Automation\8 Valve Schedule Controller\Arduino\Main\build\libraries\IniFile\IniFile.cpp.o
                0x00006d4c                IniFile::validate(char*, unsigned int) const
 .text._ZN7IniFile13isCommentCharEc
                0x00006d7c       0x12 d:\_work\Waterworks Automation\8 Valve Schedule Controller\Arduino\Main\build\libraries\IniFile\IniFile.cpp.o
                0x00006d7c                IniFile::isCommentChar(char)
 .text._ZN7IniFile14skipWhiteSpaceEPc
                0x00006d8e       0x18 d:\_work\Waterworks Automation\8 Valve Schedule Controller\Arduino\Main\build\libraries\IniFile\IniFile.cpp.o
                0x00006d8e                IniFile::skipWhiteSpace(char*)
 .text._ZN7IniFile24removeTrailingWhiteSpaceEPc
                0x00006da6       0x26 d:\_work\Waterworks Automation\8 Valve Schedule Controller\Arduino\Main\build\libraries\IniFile\IniFile.cpp.o
                0x00006da6                IniFile::removeTrailingWhiteSpace(char*)
 .text._ZNK7IniFile11findSectionEPKcPcjR12IniFileState
                0x00006dcc       0x8e d:\_work\Waterworks Automation\8 Valve Schedule Controller\Arduino\Main\build\libraries\IniFile\IniFile.cpp.o
                0x00006dcc                IniFile::findSection(char const*, char*, unsigned int, IniFileState&) const
 .text._ZNK7IniFile7findKeyEPKcS1_PcjPS2_R12IniFileState
                0x00006e5a       0xaa d:\_work\Waterworks Automation\8 Valve Schedule Controller\Arduino\Main\build\libraries\IniFile\IniFile.cpp.o
                0x00006e5a                IniFile::findKey(char const*, char const*, char*, unsigned int, char**, IniFileState&) const
 .text._ZNK7IniFile8getValueEPKcS1_PcjR12IniFileState
                0x00006f04       0xb6 d:\_work\Waterworks Automation\8 Valve Schedule Controller\Arduino\Main\build\libraries\IniFile\IniFile.cpp.o
                0x00006f04                IniFile::getValue(char const*, char const*, char*, unsigned int, IniFileState&) const
 .text._ZNK7IniFile8getValueEPKcS1_Pcj
                0x00006fba       0x36 d:\_work\Waterworks Automation\8 Valve Schedule Controller\Arduino\Main\build\libraries\IniFile\IniFile.cpp.o
                0x00006fba                IniFile::getValue(char const*, char const*, char*, unsigned int) const
 .text.startup._GLOBAL__sub_I__ZN7IniFile14maxFilenameLenE
                0x00006ff0       0x18 d:\_work\Waterworks Automation\8 Valve Schedule Controller\Arduino\Main\build\libraries\IniFile\IniFile.cpp.o
 .text.SERCOM0_Handler
                0x00007008       0x10 d:\_work\Waterworks Automation\8 Valve Schedule Controller\Arduino\Main\build\core\variant.cpp.o
                0x00007008                SERCOM0_Handler
 .text.startup._GLOBAL__sub_I_g_APinDescription
                0x00007018       0x7c d:\_work\Waterworks Automation\8 Valve Schedule Controller\Arduino\Main\build\core\variant.cpp.o
 .text.attachInterrupt
                0x00007094      0x174 d:\_work\Waterworks Automation\8 Valve Schedule Controller\Arduino\Main\build/core\core.a(WInterrupts.c.o)
                0x00007094                attachInterrupt
 .text.EIC_Handler
                0x00007208       0x3c d:\_work\Waterworks Automation\8 Valve Schedule Controller\Arduino\Main\build/core\core.a(WInterrupts.c.o)
                0x00007208                EIC_Handler
 .text.NMI_Handler
                0x00007244       0x20 d:\_work\Waterworks Automation\8 Valve Schedule Controller\Arduino\Main\build/core\core.a(WInterrupts.c.o)
                0x00007244                NMI_Handler
 .text.Dummy_Handler
                0x00007264        0x2 d:\_work\Waterworks Automation\8 Valve Schedule Controller\Arduino\Main\build/core\core.a(cortex_handlers.c.o)
                0x00007264                HardFault_Handler
                0x00007264                AC_Handler
                0x00007264                PendSV_Handler
                0x00007264                TC7_Handler
                0x00007264                SERCOM1_Handler
                0x00007264                ADC_Handler
                0x00007264                TCC1_Handler
                0x00007264                SERCOM2_Handler
                0x00007264                TCC0_Handler
                0x00007264                RTC_Handler
                0x00007264                TC6_Handler
                0x00007264                WDT_Handler
                0x00007264                TC4_Handler
                0x00007264                TC3_Handler
                0x00007264                Dummy_Handler
                0x00007264                PM_Handler
                0x00007264                SERCOM5_Handler
                0x00007264                SVC_Handler
                0x00007264                TCC2_Handler
                0x00007264                EVSYS_Handler
                0x00007264                SERCOM4_Handler
                0x00007264                I2S_Handler
                0x00007264                NVMCTRL_Handler
                0x00007264                DAC_Handler
                0x00007264                PTC_Handler
                0x00007264                SYSCTRL_Handler
 *fill*         0x00007266        0x2 
 .text.USB_Handler
                0x00007268       0x14 d:\_work\Waterworks Automation\8 Valve Schedule Controller\Arduino\Main\build/core\core.a(cortex_handlers.c.o)
                0x00007268                USB_Handler
 .text.Reset_Handler
                0x0000727c       0x54 d:\_work\Waterworks Automation\8 Valve Schedule Controller\Arduino\Main\build/core\core.a(cortex_handlers.c.o)
                0x0000727c                Reset_Handler
 .text.SysTick_Handler
                0x000072d0       0x10 d:\_work\Waterworks Automation\8 Valve Schedule Controller\Arduino\Main\build/core\core.a(cortex_handlers.c.o)
                0x000072d0                SysTick_Handler
 .text.USB_SetHandler
                0x000072e0        0xc d:\_work\Waterworks Automation\8 Valve Schedule Controller\Arduino\Main\build/core\core.a(cortex_handlers.c.o)
                0x000072e0                USB_SetHandler
 .text.millis   0x000072ec        0xc d:\_work\Waterworks Automation\8 Valve Schedule Controller\Arduino\Main\build/core\core.a(delay.c.o)
                0x000072ec                millis
 .text.micros   0x000072f8       0x64 d:\_work\Waterworks Automation\8 Valve Schedule Controller\Arduino\Main\build/core\core.a(delay.c.o)
                0x000072f8                micros
 .text.delay    0x0000735c       0x34 d:\_work\Waterworks Automation\8 Valve Schedule Controller\Arduino\Main\build/core\core.a(delay.c.o)
                0x0000735c                delay
 .text.SysTick_DefaultHandler
                0x00007390       0x14 d:\_work\Waterworks Automation\8 Valve Schedule Controller\Arduino\Main\build/core\core.a(delay.c.o)
                0x00007390                SysTick_DefaultHandler
 .text.__empty  0x000073a4        0x2 d:\_work\Waterworks Automation\8 Valve Schedule Controller\Arduino\Main\build/core\core.a(hooks.c.o)
                0x000073a4                yield
 .text.__false  0x000073a6        0x4 d:\_work\Waterworks Automation\8 Valve Schedule Controller\Arduino\Main\build/core\core.a(hooks.c.o)
                0x000073a6                sysTickHook
 *fill*         0x000073aa        0x2 
 .text.SystemInit
                0x000073ac      0x198 d:\_work\Waterworks Automation\8 Valve Schedule Controller\Arduino\Main\build/core\core.a(startup.c.o)
                0x000073ac                SystemInit
 .text.init     0x00007544       0xe4 d:\_work\Waterworks Automation\8 Valve Schedule Controller\Arduino\Main\build/core\core.a(wiring.c.o)
                0x00007544                init
 .text.analogReference
                0x00007628       0x78 d:\_work\Waterworks Automation\8 Valve Schedule Controller\Arduino\Main\build/core\core.a(wiring_analog.c.o)
                0x00007628                analogReference
 .text.analogRead
                0x000076a0       0xf0 d:\_work\Waterworks Automation\8 Valve Schedule Controller\Arduino\Main\build/core\core.a(wiring_analog.c.o)
                0x000076a0                analogRead
 .text.pinMode  0x00007790       0x80 d:\_work\Waterworks Automation\8 Valve Schedule Controller\Arduino\Main\build/core\core.a(wiring_digital.c.o)
                0x00007790                pinMode
 .text.digitalWrite
                0x00007810       0x60 d:\_work\Waterworks Automation\8 Valve Schedule Controller\Arduino\Main\build/core\core.a(wiring_digital.c.o)
                0x00007810                digitalWrite
 .text.digitalRead
                0x00007870       0x30 d:\_work\Waterworks Automation\8 Valve Schedule Controller\Arduino\Main\build/core\core.a(wiring_digital.c.o)
                0x00007870                digitalRead
 .text.pinPeripheral
                0x000078a0       0xc4 d:\_work\Waterworks Automation\8 Valve Schedule Controller\Arduino\Main\build/core\core.a(wiring_private.c.o)
                0x000078a0                pinPeripheral
 .text._ZNK9IPAddress7printToER5Print
                0x00007964       0x3c d:\_work\Waterworks Automation\8 Valve Schedule Controller\Arduino\Main\build/core\core.a(IPAddress.cpp.o)
                0x00007964                IPAddress::printTo(Print&) const
 .text._ZN9IPAddressC2Ehhhh
                0x000079a0       0x1c d:\_work\Waterworks Automation\8 Valve Schedule Controller\Arduino\Main\build/core\core.a(IPAddress.cpp.o)
                0x000079a0                IPAddress::IPAddress(unsigned char, unsigned char, unsigned char, unsigned char)
                0x000079a0                IPAddress::IPAddress(unsigned char, unsigned char, unsigned char, unsigned char)
 .text.startup._GLOBAL__sub_I__ZN9IPAddressC2Ev
                0x000079bc       0x1c d:\_work\Waterworks Automation\8 Valve Schedule Controller\Arduino\Main\build/core\core.a(IPAddress.cpp.o)
 .text._ZN5Print5writeEPKhj
                0x000079d8       0x28 d:\_work\Waterworks Automation\8 Valve Schedule Controller\Arduino\Main\build/core\core.a(Print.cpp.o)
                0x000079d8                Print::write(unsigned char const*, unsigned int)
 .text._ZN5Print5printEmi.part.6
                0x00007a00        0xc d:\_work\Waterworks Automation\8 Valve Schedule Controller\Arduino\Main\build/core\core.a(Print.cpp.o)
 .text._ZN5Print5writeEPKc
                0x00007a0c       0x1c d:\_work\Waterworks Automation\8 Valve Schedule Controller\Arduino\Main\build/core\core.a(Print.cpp.o)
                0x00007a0c                Print::write(char const*)
 .text._ZN5Print5printERK6String
                0x00007a28       0x10 d:\_work\Waterworks Automation\8 Valve Schedule Controller\Arduino\Main\build/core\core.a(Print.cpp.o)
                0x00007a28                Print::print(String const&)
 .text._ZN5Print5printEPKc
                0x00007a38        0x8 d:\_work\Waterworks Automation\8 Valve Schedule Controller\Arduino\Main\build/core\core.a(Print.cpp.o)
                0x00007a38                Print::print(char const*)
 .text._ZN5Print5printEc
                0x00007a40        0xa d:\_work\Waterworks Automation\8 Valve Schedule Controller\Arduino\Main\build/core\core.a(Print.cpp.o)
                0x00007a40                Print::print(char)
 *fill*         0x00007a4a        0x2 
 .text._ZN5Print7printlnEv
                0x00007a4c       0x10 d:\_work\Waterworks Automation\8 Valve Schedule Controller\Arduino\Main\build/core\core.a(Print.cpp.o)
                0x00007a4c                Print::println()
 .text._ZN5Print7printlnERK6String
                0x00007a5c       0x14 d:\_work\Waterworks Automation\8 Valve Schedule Controller\Arduino\Main\build/core\core.a(Print.cpp.o)
                0x00007a5c                Print::println(String const&)
 .text._ZN5Print7printlnEPKc
                0x00007a70       0x14 d:\_work\Waterworks Automation\8 Valve Schedule Controller\Arduino\Main\build/core\core.a(Print.cpp.o)
                0x00007a70                Print::println(char const*)
 .text._ZN5Print11printNumberEmh
                0x00007a84       0x4e d:\_work\Waterworks Automation\8 Valve Schedule Controller\Arduino\Main\build/core\core.a(Print.cpp.o)
                0x00007a84                Print::printNumber(unsigned long, unsigned char)
 .text._ZN5Print5printEli
                0x00007ad2       0x3c d:\_work\Waterworks Automation\8 Valve Schedule Controller\Arduino\Main\build/core\core.a(Print.cpp.o)
                0x00007ad2                Print::print(long, int)
 .text._ZN5Print5printEii
                0x00007b0e        0x8 d:\_work\Waterworks Automation\8 Valve Schedule Controller\Arduino\Main\build/core\core.a(Print.cpp.o)
                0x00007b0e                Print::print(int, int)
 .text._ZN5Print7printlnEii
                0x00007b16       0x14 d:\_work\Waterworks Automation\8 Valve Schedule Controller\Arduino\Main\build/core\core.a(Print.cpp.o)
                0x00007b16                Print::println(int, int)
 .text._ZN5Print5printEmi
                0x00007b2a       0x14 d:\_work\Waterworks Automation\8 Valve Schedule Controller\Arduino\Main\build/core\core.a(Print.cpp.o)
                0x00007b2a                Print::print(unsigned long, int)
 .text._ZN5Print5printEhi
                0x00007b3e        0x8 d:\_work\Waterworks Automation\8 Valve Schedule Controller\Arduino\Main\build/core\core.a(Print.cpp.o)
                0x00007b3e                Print::print(unsigned char, int)
 *fill*         0x00007b46        0x2 
 .text._ZN5Print10printFloatEdh
                0x00007b48      0x170 d:\_work\Waterworks Automation\8 Valve Schedule Controller\Arduino\Main\build/core\core.a(Print.cpp.o)
                0x00007b48                Print::printFloat(double, unsigned char)
 .text._ZN5Print7printlnEdi
                0x00007cb8       0x1c d:\_work\Waterworks Automation\8 Valve Schedule Controller\Arduino\Main\build/core\core.a(Print.cpp.o)
                0x00007cb8                Print::println(double, int)
 .text.initiateReset
                0x00007cd4        0xc d:\_work\Waterworks Automation\8 Valve Schedule Controller\Arduino\Main\build/core\core.a(Reset.cpp.o)
                0x00007cd4                initiateReset
 .text.cancelReset
                0x00007ce0       0x10 d:\_work\Waterworks Automation\8 Valve Schedule Controller\Arduino\Main\build/core\core.a(Reset.cpp.o)
                0x00007ce0                cancelReset
 .text.tickReset
                0x00007cf0       0x74 d:\_work\Waterworks Automation\8 Valve Schedule Controller\Arduino\Main\build/core\core.a(Reset.cpp.o)
                0x00007cf0                tickReset
 .text._ZN6SERCOMC2EP6Sercom
                0x00007d64        0x4 d:\_work\Waterworks Automation\8 Valve Schedule Controller\Arduino\Main\build/core\core.a(SERCOM.cpp.o)
                0x00007d64                SERCOM::SERCOM(Sercom*)
                0x00007d64                SERCOM::SERCOM(Sercom*)
 .text._ZN6SERCOM9initFrameE18SercomUartCharSize15SercomDataOrder16SercomParityMode19SercomNumberStopBit
                0x00007d68       0x38 d:\_work\Waterworks Automation\8 Valve Schedule Controller\Arduino\Main\build/core\core.a(SERCOM.cpp.o)
                0x00007d68                SERCOM::initFrame(SercomUartCharSize, SercomDataOrder, SercomParityMode, SercomNumberStopBit)
 .text._ZN6SERCOM8initPadsE15SercomUartTXPad11SercomRXPad
                0x00007da0       0x26 d:\_work\Waterworks Automation\8 Valve Schedule Controller\Arduino\Main\build/core\core.a(SERCOM.cpp.o)
                0x00007da0                SERCOM::initPads(SercomUartTXPad, SercomRXPad)
 .text._ZN6SERCOM9resetUARTEv
                0x00007dc6       0x1c d:\_work\Waterworks Automation\8 Valve Schedule Controller\Arduino\Main\build/core\core.a(SERCOM.cpp.o)
                0x00007dc6                SERCOM::resetUART()
 .text._ZN6SERCOM10enableUARTEv
                0x00007de2       0x14 d:\_work\Waterworks Automation\8 Valve Schedule Controller\Arduino\Main\build/core\core.a(SERCOM.cpp.o)
                0x00007de2                SERCOM::enableUART()
 .text._ZN6SERCOM9flushUARTEv
                0x00007df6       0x10 d:\_work\Waterworks Automation\8 Valve Schedule Controller\Arduino\Main\build/core\core.a(SERCOM.cpp.o)
                0x00007df6                SERCOM::flushUART()
 .text._ZN6SERCOM15clearStatusUARTEv
                0x00007e06        0x8 d:\_work\Waterworks Automation\8 Valve Schedule Controller\Arduino\Main\build/core\core.a(SERCOM.cpp.o)
                0x00007e06                SERCOM::clearStatusUART()
 .text._ZN6SERCOM17availableDataUARTEv
                0x00007e0e        0xa d:\_work\Waterworks Automation\8 Valve Schedule Controller\Arduino\Main\build/core\core.a(SERCOM.cpp.o)
                0x00007e0e                SERCOM::availableDataUART()
 .text._ZN6SERCOM11isUARTErrorEv
                0x00007e18        0x8 d:\_work\Waterworks Automation\8 Valve Schedule Controller\Arduino\Main\build/core\core.a(SERCOM.cpp.o)
                0x00007e18                SERCOM::isUARTError()
 .text._ZN6SERCOM20acknowledgeUARTErrorEv
                0x00007e20        0xe d:\_work\Waterworks Automation\8 Valve Schedule Controller\Arduino\Main\build/core\core.a(SERCOM.cpp.o)
                0x00007e20                SERCOM::acknowledgeUARTError()
 .text._ZN6SERCOM16isFrameErrorUARTEv
                0x00007e2e        0xa d:\_work\Waterworks Automation\8 Valve Schedule Controller\Arduino\Main\build/core\core.a(SERCOM.cpp.o)
                0x00007e2e                SERCOM::isFrameErrorUART()
 .text._ZN6SERCOM19clearFrameErrorUARTEv
                0x00007e38        0xc d:\_work\Waterworks Automation\8 Valve Schedule Controller\Arduino\Main\build/core\core.a(SERCOM.cpp.o)
                0x00007e38                SERCOM::clearFrameErrorUART()
 .text._ZN6SERCOM23isDataRegisterEmptyUARTEv
                0x00007e44        0xa d:\_work\Waterworks Automation\8 Valve Schedule Controller\Arduino\Main\build/core\core.a(SERCOM.cpp.o)
                0x00007e44                SERCOM::isDataRegisterEmptyUART()
 .text._ZN6SERCOM12readDataUARTEv
                0x00007e4e        0x8 d:\_work\Waterworks Automation\8 Valve Schedule Controller\Arduino\Main\build/core\core.a(SERCOM.cpp.o)
                0x00007e4e                SERCOM::readDataUART()
 .text._ZN6SERCOM13writeDataUARTEh
                0x00007e56        0xe d:\_work\Waterworks Automation\8 Valve Schedule Controller\Arduino\Main\build/core\core.a(SERCOM.cpp.o)
                0x00007e56                SERCOM::writeDataUART(unsigned char)
 .text._ZN6SERCOM36enableDataRegisterEmptyInterruptUARTEv
                0x00007e64        0x8 d:\_work\Waterworks Automation\8 Valve Schedule Controller\Arduino\Main\build/core\core.a(SERCOM.cpp.o)
                0x00007e64                SERCOM::enableDataRegisterEmptyInterruptUART()
 .text._ZN6SERCOM37disableDataRegisterEmptyInterruptUARTEv
                0x00007e6c        0x8 d:\_work\Waterworks Automation\8 Valve Schedule Controller\Arduino\Main\build/core\core.a(SERCOM.cpp.o)
                0x00007e6c                SERCOM::disableDataRegisterEmptyInterruptUART()
 .text._ZN6SERCOM8resetSPIEv
                0x00007e74       0x1c d:\_work\Waterworks Automation\8 Valve Schedule Controller\Arduino\Main\build/core\core.a(SERCOM.cpp.o)
                0x00007e74                SERCOM::resetSPI()
 .text._ZN6SERCOM9enableSPIEv
                0x00007e90       0x14 d:\_work\Waterworks Automation\8 Valve Schedule Controller\Arduino\Main\build/core\core.a(SERCOM.cpp.o)
                0x00007e90                SERCOM::enableSPI()
 .text._ZN6SERCOM10disableSPIEv
                0x00007ea4       0x12 d:\_work\Waterworks Automation\8 Valve Schedule Controller\Arduino\Main\build/core\core.a(SERCOM.cpp.o)
                0x00007ea4                SERCOM::disableSPI()
 *fill*         0x00007eb6        0x2 
 .text._ZN6SERCOM15setDataOrderSPIE15SercomDataOrder
                0x00007eb8       0x28 d:\_work\Waterworks Automation\8 Valve Schedule Controller\Arduino\Main\build/core\core.a(SERCOM.cpp.o)
                0x00007eb8                SERCOM::setDataOrderSPI(SercomDataOrder)
 .text._ZN6SERCOM15setClockModeSPIE18SercomSpiClockMode
                0x00007ee0       0x3c d:\_work\Waterworks Automation\8 Valve Schedule Controller\Arduino\Main\build/core\core.a(SERCOM.cpp.o)
                0x00007ee0                SERCOM::setClockModeSPI(SercomSpiClockMode)
 .text._ZN6SERCOM15transferDataSPIEh
                0x00007f1c       0x1a d:\_work\Waterworks Automation\8 Valve Schedule Controller\Arduino\Main\build/core\core.a(SERCOM.cpp.o)
                0x00007f1c                SERCOM::transferDataSPI(unsigned char)
 *fill*         0x00007f36        0x2 
 .text._ZN6SERCOM28calculateBaudrateSynchronousEm
                0x00007f38       0x1c d:\_work\Waterworks Automation\8 Valve Schedule Controller\Arduino\Main\build/core\core.a(SERCOM.cpp.o)
                0x00007f38                SERCOM::calculateBaudrateSynchronous(unsigned long)
 .text._ZN6SERCOM12initSPIClockE18SercomSpiClockModem
                0x00007f54       0x26 d:\_work\Waterworks Automation\8 Valve Schedule Controller\Arduino\Main\build/core\core.a(SERCOM.cpp.o)
                0x00007f54                SERCOM::initSPIClock(SercomSpiClockMode, unsigned long)
 *fill*         0x00007f7a        0x2 
 .text._ZN6SERCOM14setBaudrateSPIEh
                0x00007f7c       0x2c d:\_work\Waterworks Automation\8 Valve Schedule Controller\Arduino\Main\build/core\core.a(SERCOM.cpp.o)
                0x00007f7c                SERCOM::setBaudrateSPI(unsigned char)
 .text._ZN6SERCOM9resetWIREEv
                0x00007fa8       0x1c d:\_work\Waterworks Automation\8 Valve Schedule Controller\Arduino\Main\build/core\core.a(SERCOM.cpp.o)
                0x00007fa8                SERCOM::resetWIRE()
 .text._ZN6SERCOM10enableWIREEv
                0x00007fc4       0x28 d:\_work\Waterworks Automation\8 Valve Schedule Controller\Arduino\Main\build/core\core.a(SERCOM.cpp.o)
                0x00007fc4                SERCOM::enableWIRE()
 .text._ZN6SERCOM18prepareNackBitWIREEv
                0x00007fec       0x10 d:\_work\Waterworks Automation\8 Valve Schedule Controller\Arduino\Main\build/core\core.a(SERCOM.cpp.o)
                0x00007fec                SERCOM::prepareNackBitWIRE()
 .text._ZN6SERCOM17prepareAckBitWIREEv
                0x00007ffc       0x14 d:\_work\Waterworks Automation\8 Valve Schedule Controller\Arduino\Main\build/core\core.a(SERCOM.cpp.o)
                0x00007ffc                SERCOM::prepareAckBitWIRE()
 .text._ZN6SERCOM22prepareCommandBitsWireEh
                0x00008010       0x2c d:\_work\Waterworks Automation\8 Valve Schedule Controller\Arduino\Main\build/core\core.a(SERCOM.cpp.o)
                0x00008010                SERCOM::prepareCommandBitsWire(unsigned char)
 .text._ZN6SERCOM21startTransmissionWIREEh23SercomWireReadWriteFlag
                0x0000803c       0x5e d:\_work\Waterworks Automation\8 Valve Schedule Controller\Arduino\Main\build/core\core.a(SERCOM.cpp.o)
                0x0000803c                SERCOM::startTransmissionWIRE(unsigned char, SercomWireReadWriteFlag)
 .text._ZN6SERCOM18sendDataMasterWIREEh
                0x0000809a       0x22 d:\_work\Waterworks Automation\8 Valve Schedule Controller\Arduino\Main\build/core\core.a(SERCOM.cpp.o)
                0x0000809a                SERCOM::sendDataMasterWIRE(unsigned char)
 .text._ZN6SERCOM17sendDataSlaveWIREEh
                0x000080bc       0x1a d:\_work\Waterworks Automation\8 Valve Schedule Controller\Arduino\Main\build/core\core.a(SERCOM.cpp.o)
                0x000080bc                SERCOM::sendDataSlaveWIRE(unsigned char)
 .text._ZN6SERCOM11isSlaveWIREEv
                0x000080d6       0x12 d:\_work\Waterworks Automation\8 Valve Schedule Controller\Arduino\Main\build/core\core.a(SERCOM.cpp.o)
                0x000080d6                SERCOM::isSlaveWIRE()
 .text._ZN6SERCOM15isDataReadyWIREEv
                0x000080e8        0xa d:\_work\Waterworks Automation\8 Valve Schedule Controller\Arduino\Main\build/core\core.a(SERCOM.cpp.o)
                0x000080e8                SERCOM::isDataReadyWIRE()
 .text._ZN6SERCOM18isStopDetectedWIREEv
                0x000080f2        0xa d:\_work\Waterworks Automation\8 Valve Schedule Controller\Arduino\Main\build/core\core.a(SERCOM.cpp.o)
                0x000080f2                SERCOM::isStopDetectedWIRE()
 .text._ZN6SERCOM21isRestartDetectedWIREEv
                0x000080fc        0xa d:\_work\Waterworks Automation\8 Valve Schedule Controller\Arduino\Main\build/core\core.a(SERCOM.cpp.o)
                0x000080fc                SERCOM::isRestartDetectedWIRE()
 .text._ZN6SERCOM14isAddressMatchEv
                0x00008106        0xa d:\_work\Waterworks Automation\8 Valve Schedule Controller\Arduino\Main\build/core\core.a(SERCOM.cpp.o)
                0x00008106                SERCOM::isAddressMatch()
 .text._ZN6SERCOM25isMasterReadOperationWIREEv
                0x00008110        0xa d:\_work\Waterworks Automation\8 Valve Schedule Controller\Arduino\Main\build/core\core.a(SERCOM.cpp.o)
                0x00008110                SERCOM::isMasterReadOperationWIRE()
 .text._ZN6SERCOM12readDataWIREEv
                0x0000811a       0x1a d:\_work\Waterworks Automation\8 Valve Schedule Controller\Arduino\Main\build/core\core.a(SERCOM.cpp.o)
                0x0000811a                SERCOM::readDataWIRE()
 .text._ZN6SERCOM14getSercomIndexEv
                0x00008134       0x28 d:\_work\Waterworks Automation\8 Valve Schedule Controller\Arduino\Main\build/core\core.a(SERCOM.cpp.o)
                0x00008134                SERCOM::getSercomIndex()
 .text._ZN6SERCOM13initClockNVICEv
                0x0000815c       0xa4 d:\_work\Waterworks Automation\8 Valve Schedule Controller\Arduino\Main\build/core\core.a(SERCOM.cpp.o)
                0x0000815c                SERCOM::initClockNVIC()
 .text._ZN6SERCOM8initUARTE14SercomUartMode20SercomUartSampleRatem
                0x00008200       0x6c d:\_work\Waterworks Automation\8 Valve Schedule Controller\Arduino\Main\build/core\core.a(SERCOM.cpp.o)
                0x00008200                SERCOM::initUART(SercomUartMode, SercomUartSampleRate, unsigned long)
 .text._ZN6SERCOM7initSPIE14SercomSpiTXPad11SercomRXPad17SercomSpiCharSize15SercomDataOrder
                0x0000826c       0x50 d:\_work\Waterworks Automation\8 Valve Schedule Controller\Arduino\Main\build/core\core.a(SERCOM.cpp.o)
                0x0000826c                SERCOM::initSPI(SercomSpiTXPad, SercomRXPad, SercomSpiCharSize, SercomDataOrder)
 .text._ZN6SERCOM14initMasterWIREEm
                0x000082bc       0x54 d:\_work\Waterworks Automation\8 Valve Schedule Controller\Arduino\Main\build/core\core.a(SERCOM.cpp.o)
                0x000082bc                SERCOM::initMasterWIRE(unsigned long)
 .text._ZN4UartcvbEv
                0x00008310        0x4 d:\_work\Waterworks Automation\8 Valve Schedule Controller\Arduino\Main\build/core\core.a(Uart.cpp.o)
                0x00008310                Uart::operator bool()
 .text._ZN4Uart5beginEm
                0x00008314       0x10 d:\_work\Waterworks Automation\8 Valve Schedule Controller\Arduino\Main\build/core\core.a(Uart.cpp.o)
                0x00008314                Uart::begin(unsigned long)
 .text._ZN4Uart4peekEv
                0x00008324       0x1a d:\_work\Waterworks Automation\8 Valve Schedule Controller\Arduino\Main\build/core\core.a(Uart.cpp.o)
                0x00008324                Uart::peek()
 .text._ZN4Uart3endEv
                0x0000833e       0x20 d:\_work\Waterworks Automation\8 Valve Schedule Controller\Arduino\Main\build/core\core.a(Uart.cpp.o)
                0x0000833e                Uart::end()
 *fill*         0x0000835e        0x2 
 .text._ZN4UartC2EP6SERCOMhh11SercomRXPad15SercomUartTXPadhh
                0x00008360       0xa4 d:\_work\Waterworks Automation\8 Valve Schedule Controller\Arduino\Main\build/core\core.a(Uart.cpp.o)
                0x00008360                Uart::Uart(SERCOM*, unsigned char, unsigned char, SercomRXPad, SercomUartTXPad, unsigned char, unsigned char)
                0x00008360                Uart::Uart(SERCOM*, unsigned char, unsigned char, SercomRXPad, SercomUartTXPad, unsigned char, unsigned char)
 .text._ZN4UartC2EP6SERCOMhh11SercomRXPad15SercomUartTXPad
                0x00008404       0x24 d:\_work\Waterworks Automation\8 Valve Schedule Controller\Arduino\Main\build/core\core.a(Uart.cpp.o)
                0x00008404                Uart::Uart(SERCOM*, unsigned char, unsigned char, SercomRXPad, SercomUartTXPad)
                0x00008404                Uart::Uart(SERCOM*, unsigned char, unsigned char, SercomRXPad, SercomUartTXPad)
 .text._ZN4Uart16extractNbStopBitEt
                0x00008428        0xe d:\_work\Waterworks Automation\8 Valve Schedule Controller\Arduino\Main\build/core\core.a(Uart.cpp.o)
                0x00008428                Uart::extractNbStopBit(unsigned short)
 .text._ZN4Uart15extractCharSizeEt
                0x00008436       0x2c d:\_work\Waterworks Automation\8 Valve Schedule Controller\Arduino\Main\build/core\core.a(Uart.cpp.o)
                0x00008436                Uart::extractCharSize(unsigned short)
 .text._ZN4Uart13extractParityEt
                0x00008462       0x18 d:\_work\Waterworks Automation\8 Valve Schedule Controller\Arduino\Main\build/core\core.a(Uart.cpp.o)
                0x00008462                Uart::extractParity(unsigned short)
 *fill*         0x0000847a        0x2 
 .text._ZN4Uart5beginEmt
                0x0000847c       0xf8 d:\_work\Waterworks Automation\8 Valve Schedule Controller\Arduino\Main\build/core\core.a(Uart.cpp.o)
                0x0000847c                Uart::begin(unsigned long, unsigned short)
 .text._ZN11RingBufferNILi256EE9availableEv
                0x00008574       0x12 d:\_work\Waterworks Automation\8 Valve Schedule Controller\Arduino\Main\build/core\core.a(Uart.cpp.o)
                0x00008574                RingBufferN<256>::available()
 .text._ZN4Uart5flushEv
                0x00008586       0x1a d:\_work\Waterworks Automation\8 Valve Schedule Controller\Arduino\Main\build/core\core.a(Uart.cpp.o)
                0x00008586                Uart::flush()
 .text._ZN4Uart9availableEv
                0x000085a0        0xa d:\_work\Waterworks Automation\8 Valve Schedule Controller\Arduino\Main\build/core\core.a(Uart.cpp.o)
                0x000085a0                Uart::available()
 .text._ZN11RingBufferNILi256EE17availableForStoreEv
                0x000085aa       0x1e d:\_work\Waterworks Automation\8 Valve Schedule Controller\Arduino\Main\build/core\core.a(Uart.cpp.o)
                0x000085aa                RingBufferN<256>::availableForStore()
 .text._ZN4Uart17availableForWriteEv
                0x000085c8        0xc d:\_work\Waterworks Automation\8 Valve Schedule Controller\Arduino\Main\build/core\core.a(Uart.cpp.o)
                0x000085c8                Uart::availableForWrite()
 .text._ZN4Uart10IrqHandlerEv
                0x000085d4       0xc8 d:\_work\Waterworks Automation\8 Valve Schedule Controller\Arduino\Main\build/core\core.a(Uart.cpp.o)
                0x000085d4                Uart::IrqHandler()
 .text._ZN4Uart5writeEh
                0x0000869c       0xb4 d:\_work\Waterworks Automation\8 Valve Schedule Controller\Arduino\Main\build/core\core.a(Uart.cpp.o)
                0x0000869c                Uart::write(unsigned char)
 .text._ZN4Uart4readEv
                0x00008750       0x4c d:\_work\Waterworks Automation\8 Valve Schedule Controller\Arduino\Main\build/core\core.a(Uart.cpp.o)
                0x00008750                Uart::read()
 .text._ZN6StringD2Ev
                0x0000879c        0xe d:\_work\Waterworks Automation\8 Valve Schedule Controller\Arduino\Main\build/core\core.a(WString.cpp.o)
                0x0000879c                String::~String()
                0x0000879c                String::~String()
 .text._ZN6String10invalidateEv
                0x000087aa       0x18 d:\_work\Waterworks Automation\8 Valve Schedule Controller\Arduino\Main\build/core\core.a(WString.cpp.o)
                0x000087aa                String::invalidate()
 .text._ZN6String12changeBufferEj
                0x000087c2       0x18 d:\_work\Waterworks Automation\8 Valve Schedule Controller\Arduino\Main\build/core\core.a(WString.cpp.o)
                0x000087c2                String::changeBuffer(unsigned int)
 .text._ZN6String7reserveEj
                0x000087da       0x28 d:\_work\Waterworks Automation\8 Valve Schedule Controller\Arduino\Main\build/core\core.a(WString.cpp.o)
                0x000087da                String::reserve(unsigned int)
 .text._ZN6String4copyEPKcj
                0x00008802       0x28 d:\_work\Waterworks Automation\8 Valve Schedule Controller\Arduino\Main\build/core\core.a(WString.cpp.o)
                0x00008802                String::copy(char const*, unsigned int)
 .text._ZN6StringC2EPKc
                0x0000882a       0x26 d:\_work\Waterworks Automation\8 Valve Schedule Controller\Arduino\Main\build/core\core.a(WString.cpp.o)
                0x0000882a                String::String(char const*)
                0x0000882a                String::String(char const*)
 .text._ZN6StringaSERKS_
                0x00008850       0x20 d:\_work\Waterworks Automation\8 Valve Schedule Controller\Arduino\Main\build/core\core.a(WString.cpp.o)
                0x00008850                String::operator=(String const&)
 .text._ZN6StringC2ERKS_
                0x00008870       0x14 d:\_work\Waterworks Automation\8 Valve Schedule Controller\Arduino\Main\build/core\core.a(WString.cpp.o)
                0x00008870                String::String(String const&)
                0x00008870                String::String(String const&)
 .text._Z11initVariantv
                0x00008884        0x2 d:\_work\Waterworks Automation\8 Valve Schedule Controller\Arduino\Main\build/core\core.a(main.cpp.o)
                0x00008884                initVariant()